
  .   ____          _            __ _ _
 /\\ / ___'_ __ _ _(_)_ __  __ _ \ \ \ \
( ( )\___ | '_ | '_| | '_ \/ _` | \ \ \ \
 \\/  ___)| |_)| | | | | || (_| |  ) ) ) )
  '  |____| .__|_| |_|_| |_\__, | / / / /
 =========|_|==============|___/=/_/_/_/

 :: Spring Boot ::               (v3.5.16)

2026-08-26T07:12:58.033+08:00  INFO 111180 --- [ptidss-server] [           main] com.ptidss.PtidssApplication             : Starting PtidssApplication v1.0.0 using Java 21.0.12.1 with PID 111180 (/home/odoo/workspace/PTIDSS/ptidss-server/target/ptidss-server.jar started by odoo in /home/odoo/workspace/PTIDSS)
2026-08-26T07:12:58.036+08:00  INFO 111180 --- [ptidss-server] [           main] com.ptidss.PtidssApplication             : The following 1 profile is active: "prod"
2026-08-26T07:13:00.084+08:00  INFO 111180 --- [ptidss-server] [           main] o.s.b.w.embedded.tomcat.TomcatWebServer  : Tomcat initialized with port 9080 (http)
2026-08-26T07:13:00.105+08:00  INFO 111180 --- [ptidss-server] [           main] o.apache.catalina.core.StandardService   : Starting service [Tomcat]
2026-08-26T07:13:00.105+08:00  INFO 111180 --- [ptidss-server] [           main] o.apache.catalina.core.StandardEngine    : Starting Servlet engine: [Apache Tomcat/10.1.55]
2026-08-26T07:13:00.142+08:00  INFO 111180 --- [ptidss-server] [           main] o.a.c.c.C.[.[localhost].[/ptidss]        : Initializing Spring embedded WebApplicationContext
2026-08-26T07:13:00.142+08:00  INFO 111180 --- [ptidss-server] [           main] w.s.c.ServletWebServerApplicationContext : Root WebApplicationContext: initialization completed in 2027 ms
2026-08-26T07:13:01.306+08:00  WARN 111180 --- [ptidss-server] [           main] c.b.m.core.metadata.TableInfoHelper      : Can not find table primary key in Class: "com.ptidss.system.domain.SysUserRegion".
2026-08-26T07:13:01.306+08:00  WARN 111180 --- [ptidss-server] [           main] c.b.m.core.injector.DefaultSqlInjector   : class com.ptidss.system.domain.SysUserRegion Not found @TableId annotation, Cannot use Mybatis-Plus 'xxById' Method.
2026-08-26T07:13:01.340+08:00  WARN 111180 --- [ptidss-server] [           main] c.b.m.core.metadata.TableInfoHelper      : Can not find table primary key in Class: "com.ptidss.system.domain.SysRoleRegion".
2026-08-26T07:13:01.340+08:00  WARN 111180 --- [ptidss-server] [           main] c.b.m.core.injector.DefaultSqlInjector   : class com.ptidss.system.domain.SysRoleRegion Not found @TableId annotation, Cannot use Mybatis-Plus 'xxById' Method.
2026-08-26T07:13:01.422+08:00  INFO 111180 --- [ptidss-server] [           main] c.ptidss.common.security.TokenService    : TokenService 初始化完成：expire=120min, refreshThreshold=10min
2026-08-26T07:13:01.487+08:00  INFO 111180 --- [ptidss-server] [           main] c.ptidss.auth.service.SysLoginService    : 登录失败锁定已启用：连续 5 次失败锁定 10 分钟
2026-08-26T07:13:01.589+08:00  INFO 111180 --- [ptidss-server] [           main] com.zaxxer.hikari.HikariDataSource       : HikariPool-1 - Starting...
2026-08-26T07:13:01.865+08:00  INFO 111180 --- [ptidss-server] [           main] com.zaxxer.hikari.pool.HikariPool        : HikariPool-1 - Added connection org.postgresql.jdbc.PgConnection@7a3c99f1
2026-08-26T07:13:01.868+08:00  INFO 111180 --- [ptidss-server] [           main] com.zaxxer.hikari.HikariDataSource       : HikariPool-1 - Start completed.
2026-08-26T07:13:01.883+08:00 DEBUG 111180 --- [ptidss-server] [           main] c.p.s.m.SysRoleMapper.selectWithCursor   : ==>  Preparing: SELECT id,role_code,role_name,description,status,version,deleted,created_at,updated_at FROM sys_role WHERE deleted=false AND (role_code = ?)
2026-08-26T07:13:01.915+08:00 DEBUG 111180 --- [ptidss-server] [           main] c.p.s.m.SysRoleMapper.selectWithCursor   : ==> Parameters: analyst(String)
2026-08-26T07:13:01.956+08:00 DEBUG 111180 --- [ptidss-server] [           main] c.p.s.m.SysRoleMapper.selectWithCursor   : <==      Total: 1
2026-08-26T07:13:01.972+08:00 DEBUG 111180 --- [ptidss-server] [           main] c.p.s.m.SysPermissionMapper.selectList   : ==>  Preparing: SELECT id,perm_code,perm_name,resource_type,resource_pattern,status,version,deleted,created_at,updated_at FROM sys_permission WHERE deleted=false AND (perm_code IN (?,?) AND status = ?)
2026-08-26T07:13:01.973+08:00 DEBUG 111180 --- [ptidss-server] [           main] c.p.s.m.SysPermissionMapper.selectList   : ==> Parameters: menu:market(String), menu:policy(String), active(String)
2026-08-26T07:13:01.979+08:00 DEBUG 111180 --- [ptidss-server] [           main] c.p.s.m.SysPermissionMapper.selectList   : <==      Total: 2
2026-08-26T07:13:01.991+08:00 DEBUG 111180 --- [ptidss-server] [           main] c.p.s.m.S.selectPermissionIdsByRole      : ==>  Preparing: SELECT permission_id FROM sys_role_permission WHERE role_id = ? ORDER BY permission_id
2026-08-26T07:13:01.993+08:00 DEBUG 111180 --- [ptidss-server] [           main] c.p.s.m.S.selectPermissionIdsByRole      : ==> Parameters: 2(Long)
2026-08-26T07:13:01.997+08:00 DEBUG 111180 --- [ptidss-server] [           main] c.p.s.m.S.selectPermissionIdsByRole      : <==      Total: 8
2026-08-26T07:13:02.002+08:00 DEBUG 111180 --- [ptidss-server] [           main] c.p.s.mapper.SysUserMapper.selectList    : ==>  Preparing: SELECT id,username,display_name,password_hash,role_ids,org_code,phone,email,status,last_login_at,version,deleted,created_at,updated_at FROM sys_user WHERE deleted=false AND (password_hash LIKE ?)
2026-08-26T07:13:02.002+08:00 DEBUG 111180 --- [ptidss-server] [           main] c.p.s.mapper.SysUserMapper.selectList    : ==> Parameters: %PLACEHOLDER%(String)
2026-08-26T07:13:02.006+08:00 DEBUG 111180 --- [ptidss-server] [           main] c.p.s.mapper.SysUserMapper.selectList    : <==      Total: 0
2026-08-26T07:13:02.591+08:00  INFO 111180 --- [ptidss-server] [           main] c.ptidss.model.spi.AlgorithmSpiRegistry  : 算法 SPI 执行器已注册：forecast（特征序列预测（96 点价格））
2026-08-26T07:13:02.592+08:00  INFO 111180 --- [ptidss-server] [           main] c.ptidss.model.spi.AlgorithmSpiRegistry  : 算法 SPI 执行器已注册：market_analysis（情报舆情情感加权分析）
2026-08-26T07:13:02.592+08:00  INFO 111180 --- [ptidss-server] [           main] c.ptidss.model.spi.AlgorithmSpiRegistry  : 算法 SPI 执行器已注册：optimize（混合整数规划联合优化）
2026-08-26T07:13:02.592+08:00  INFO 111180 --- [ptidss-server] [           main] c.ptidss.model.spi.AlgorithmSpiRegistry  : 算法 SPI 执行器已注册：quote_strategy（分段聚合报价策略）
2026-08-26T07:13:02.592+08:00  INFO 111180 --- [ptidss-server] [           main] c.ptidss.model.spi.AlgorithmSpiRegistry  : 算法 SPI 执行器已注册：review（复盘知识库四段式归纳）
2026-08-26T07:13:02.592+08:00  INFO 111180 --- [ptidss-server] [           main] c.ptidss.model.spi.AlgorithmSpiRegistry  : 算法 SPI 执行器已注册：risk_measure（蒙特卡洛 CVaR 风险度量）
2026-08-26T07:13:02.592+08:00  INFO 111180 --- [ptidss-server] [           main] c.ptidss.model.spi.AlgorithmSpiRegistry  : 算法 SPI 执行器已注册：rule_engine（合规规则引擎仲裁）
2026-08-26T07:13:02.593+08:00  INFO 111180 --- [ptidss-server] [           main] c.ptidss.model.spi.AlgorithmSpiRegistry  : 算法 SPI 执行器已注册：settlement（偏差考核结算测算）
2026-08-26T07:13:04.140+08:00  INFO 111180 --- [ptidss-server] [           main] b.m.s.MybatisPlusApplicationContextAware : Register ApplicationContext instances org.springframework.boot.web.servlet.context.AnnotationConfigServletWebServerApplicationContext@5644dc81
2026-08-26T07:13:04.365+08:00  INFO 111180 --- [ptidss-server] [           main] o.s.b.w.embedded.tomcat.TomcatWebServer  : Tomcat started on port 9080 (http) with context path '/ptidss'
2026-08-26T07:13:04.384+08:00  INFO 111180 --- [ptidss-server] [           main] com.ptidss.PtidssApplication             : Started PtidssApplication in 7.099 seconds (process running for 7.688)
===============================================
  PTIDSS Server 启动成功: http://localhost:9080/ptidss
===============================================
2026-08-26T07:13:04.875+08:00  INFO 111180 --- [ptidss-server] [nio-9080-exec-1] o.a.c.c.C.[.[localhost].[/ptidss]        : Initializing Spring DispatcherServlet 'dispatcherServlet'
2026-08-26T07:13:04.875+08:00  INFO 111180 --- [ptidss-server] [nio-9080-exec-1] o.s.web.servlet.DispatcherServlet        : Initializing Servlet 'dispatcherServlet'
2026-08-26T07:13:04.877+08:00  INFO 111180 --- [ptidss-server] [nio-9080-exec-1] o.s.web.servlet.DispatcherServlet        : Completed initialization in 2 ms
2026-08-26T07:13:12.926+08:00 DEBUG 111180 --- [ptidss-server] [nio-9080-exec-3] c.p.system.mapper.AuditLogMapper.insert  : ==>  Preparing: INSERT INTO audit_log ( id, trace_id, user_id, username, action, target_type, target_id, ip, user_agent, result, created_at ) VALUES ( ?, ?, ?, ?, ?, ?, ?, ?, ?, ?, ? )
2026-08-26T07:13:12.929+08:00 DEBUG 111180 --- [ptidss-server] [nio-9080-exec-3] c.p.system.mapper.AuditLogMapper.insert  : ==> Parameters: 218145721336074240(Long), 4f8e2aef15054dc2(String), 0(Long), admin(String), login(String), auth(String), LoginBody(username=admin, password=Ptidss@2026, captchaKey=null,(String), 127.0.0.1(String), curl/8.5.0(String), fail(String), 2026-08-26 07:13:12.919(Timestamp)
2026-08-26T07:13:12.934+08:00 DEBUG 111180 --- [ptidss-server] [nio-9080-exec-3] c.p.system.mapper.AuditLogMapper.insert  : <==    Updates: 1
2026-08-26T07:13:12.992+08:00 DEBUG 111180 --- [ptidss-server] [nio-9080-exec-5] c.p.system.mapper.AuditLogMapper.insert  : ==>  Preparing: INSERT INTO audit_log ( id, trace_id, user_id, username, action, target_type, target_id, ip, user_agent, result, created_at ) VALUES ( ?, ?, ?, ?, ?, ?, ?, ?, ?, ?, ? )
2026-08-26T07:13:12.993+08:00 DEBUG 111180 --- [ptidss-server] [nio-9080-exec-5] c.p.system.mapper.AuditLogMapper.insert  : ==> Parameters: 218145721642258432(Long), 50f7e23a63d64a02(String), 0(Long), admin(String), login(String), auth(String), LoginBody(username=admin, password=Ptidss@2026, captchaKey=a2e47(String), 127.0.0.1(String), curl/8.5.0(String), fail(String), 2026-08-26 07:13:12.991(Timestamp)
2026-08-26T07:13:12.995+08:00 DEBUG 111180 --- [ptidss-server] [nio-9080-exec-5] c.p.system.mapper.AuditLogMapper.insert  : <==    Updates: 1
2026-08-26T07:13:13.010+08:00 DEBUG 111180 --- [ptidss-server] [nio-9080-exec-7] c.p.system.mapper.AuditLogMapper.insert  : ==>  Preparing: INSERT INTO audit_log ( id, trace_id, user_id, username, action, target_type, target_id, ip, user_agent, result, created_at ) VALUES ( ?, ?, ?, ?, ?, ?, ?, ?, ?, ?, ? )
2026-08-26T07:13:13.011+08:00 DEBUG 111180 --- [ptidss-server] [nio-9080-exec-7] c.p.system.mapper.AuditLogMapper.insert  : ==> Parameters: 218145721717755904(Long), cd4784cded92447a(String), 0(Long), admin(String), login(String), auth(String), LoginBody(username=admin, password=Ptidss@2026, captchaKey=a2e47(String), 127.0.0.1(String), curl/8.5.0(String), fail(String), 2026-08-26 07:13:13.009(Timestamp)
2026-08-26T07:13:13.013+08:00 DEBUG 111180 --- [ptidss-server] [nio-9080-exec-7] c.p.system.mapper.AuditLogMapper.insert  : <==    Updates: 1
2026-08-26T07:13:14.502+08:00 DEBUG 111180 --- [ptidss-server] [ ptidss-sched-1] c.p.s.mapper.SysRoleMapper.selectList    : ==>  Preparing: SELECT id,role_code,role_name,description,status,version,deleted,created_at,updated_at FROM sys_role WHERE deleted=false
2026-08-26T07:13:14.503+08:00 DEBUG 111180 --- [ptidss-server] [ ptidss-sched-1] c.p.s.mapper.SysRoleMapper.selectList    : ==> Parameters: 
2026-08-26T07:13:14.504+08:00 DEBUG 111180 --- [ptidss-server] [ ptidss-sched-1] c.p.s.mapper.SysRoleMapper.selectList    : <==      Total: 7
2026-08-26T07:13:14.506+08:00 DEBUG 111180 --- [ptidss-server] [ ptidss-sched-1] c.p.s.mapper.SysUserMapper.selectList    : ==>  Preparing: SELECT id,username,display_name,password_hash,role_ids,org_code,phone,email,status,last_login_at,version,deleted,created_at,updated_at FROM sys_user WHERE deleted=false AND (role_ids @> ANY (ARRAY['[1]','[2]','[3]','[4]','[5]','[6]','[7]']::jsonb[]))
2026-08-26T07:13:14.506+08:00 DEBUG 111180 --- [ptidss-server] [ ptidss-sched-1] c.p.s.mapper.SysUserMapper.selectList    : ==> Parameters: 
2026-08-26T07:13:14.639+08:00 DEBUG 111180 --- [ptidss-server] [ ptidss-sched-1] c.p.s.mapper.SysUserMapper.selectList    : <==      Total: 4
2026-08-26T07:13:14.685+08:00  INFO 111180 --- [ptidss-server] [ ptidss-sched-1] com.ptidss.intel.service.IntelService    : 情报推送执行完成：匹配情报 0 条，派发消息 0 条，触发决策会话情报重评 0 个
2026-08-26T07:13:34.390+08:00  INFO 111180 --- [ptidss-server] [ ptidss-sched-3] c.p.intel.service.IntelFetchService      : 行情采集执行完成：到期 0 个（成功 0 / 失败 0 / 跳过未到期 20）
2026-08-26T07:13:44.721+08:00 DEBUG 111180 --- [ptidss-server] [ ptidss-sched-1] c.p.s.mapper.SysRoleMapper.selectList    : ==>  Preparing: SELECT id,role_code,role_name,description,status,version,deleted,created_at,updated_at FROM sys_role WHERE deleted=false
2026-08-26T07:13:44.721+08:00 DEBUG 111180 --- [ptidss-server] [ ptidss-sched-1] c.p.s.mapper.SysRoleMapper.selectList    : ==> Parameters: 
2026-08-26T07:13:44.723+08:00 DEBUG 111180 --- [ptidss-server] [ ptidss-sched-1] c.p.s.mapper.SysRoleMapper.selectList    : <==      Total: 7
2026-08-26T07:13:44.724+08:00 DEBUG 111180 --- [ptidss-server] [ ptidss-sched-1] c.p.s.mapper.SysUserMapper.selectList    : ==>  Preparing: SELECT id,username,display_name,password_hash,role_ids,org_code,phone,email,status,last_login_at,version,deleted,created_at,updated_at FROM sys_user WHERE deleted=false AND (role_ids @> ANY (ARRAY['[1]','[2]','[3]','[4]','[5]','[6]','[7]']::jsonb[]))
2026-08-26T07:13:44.725+08:00 DEBUG 111180 --- [ptidss-server] [ ptidss-sched-1] c.p.s.mapper.SysUserMapper.selectList    : ==> Parameters: 
2026-08-26T07:13:44.727+08:00 DEBUG 111180 --- [ptidss-server] [ ptidss-sched-1] c.p.s.mapper.SysUserMapper.selectList    : <==      Total: 4
2026-08-26T07:13:44.745+08:00  INFO 111180 --- [ptidss-server] [ ptidss-sched-1] com.ptidss.intel.service.IntelService    : 情报推送执行完成：匹配情报 0 条，派发消息 0 条，触发决策会话情报重评 0 个
2026-08-26T07:13:48.049+08:00 DEBUG 111180 --- [ptidss-server] [nio-9080-exec-4] c.p.s.m.SysUserMapper.selectWithCursor   : ==>  Preparing: SELECT id,username,display_name,password_hash,role_ids,org_code,phone,email,status,last_login_at,version,deleted,created_at,updated_at FROM sys_user WHERE deleted=false AND (username = ?)
2026-08-26T07:13:48.050+08:00 DEBUG 111180 --- [ptidss-server] [nio-9080-exec-4] c.p.s.m.SysUserMapper.selectWithCursor   : ==> Parameters: admin(String)
2026-08-26T07:13:48.051+08:00 DEBUG 111180 --- [ptidss-server] [nio-9080-exec-4] c.p.s.m.SysUserMapper.selectWithCursor   : <==      Total: 1
2026-08-26T07:13:48.159+08:00 DEBUG 111180 --- [ptidss-server] [nio-9080-exec-4] c.p.s.mapper.SysRoleMapper.selectByIds   : ==>  Preparing: SELECT id,role_code,role_name,description,status,version,deleted,created_at,updated_at FROM sys_role WHERE id IN ( ? ) AND deleted=false
2026-08-26T07:13:48.159+08:00 DEBUG 111180 --- [ptidss-server] [nio-9080-exec-4] c.p.s.mapper.SysRoleMapper.selectByIds   : ==> Parameters: 4(Long)
2026-08-26T07:13:48.160+08:00 DEBUG 111180 --- [ptidss-server] [nio-9080-exec-4] c.p.s.mapper.SysRoleMapper.selectByIds   : <==      Total: 1
2026-08-26T07:13:48.161+08:00 DEBUG 111180 --- [ptidss-server] [nio-9080-exec-4] c.p.s.m.SysPermissionMapper.selectList   : ==>  Preparing: SELECT id,perm_code,perm_name,resource_type,resource_pattern,status,version,deleted,created_at,updated_at FROM sys_permission WHERE deleted=false AND (status = ? AND EXISTS (SELECT 1 FROM sys_role_permission rp WHERE rp.permission_id = sys_permission.id AND rp.role_id = ?))
2026-08-26T07:13:48.162+08:00 DEBUG 111180 --- [ptidss-server] [nio-9080-exec-4] c.p.s.m.SysPermissionMapper.selectList   : ==> Parameters: active(String), 4(Long)
2026-08-26T07:13:48.164+08:00 DEBUG 111180 --- [ptidss-server] [nio-9080-exec-4] c.p.s.m.SysPermissionMapper.selectList   : <==      Total: 18
2026-08-26T07:13:48.166+08:00 DEBUG 111180 --- [ptidss-server] [nio-9080-exec-4] c.p.s.m.SysUserRegionMapper.selectList   : ==>  Preparing: SELECT user_id,region_code FROM sys_user_region WHERE (user_id = ?)
2026-08-26T07:13:48.166+08:00 DEBUG 111180 --- [ptidss-server] [nio-9080-exec-4] c.p.s.m.SysUserRegionMapper.selectList   : ==> Parameters: 1(Long)
2026-08-26T07:13:48.168+08:00 DEBUG 111180 --- [ptidss-server] [nio-9080-exec-4] c.p.s.m.SysUserRegionMapper.selectList   : <==      Total: 4
2026-08-26T07:13:48.170+08:00 DEBUG 111180 --- [ptidss-server] [nio-9080-exec-4] c.p.s.m.S.selectWithCursor               : ==>  Preparing: SELECT id,region_code,region_name,market_support,exchange_channel,settlement_period,status,launch_order,version,deleted,created_at,updated_at FROM sys_region WHERE deleted=false AND (region_code = ? AND status = ?)
2026-08-26T07:13:48.171+08:00 DEBUG 111180 --- [ptidss-server] [nio-9080-exec-4] c.p.s.m.S.selectWithCursor               : ==> Parameters: CN-31(String), enabled(String)
2026-08-26T07:13:48.174+08:00 DEBUG 111180 --- [ptidss-server] [nio-9080-exec-4] c.p.s.m.S.selectWithCursor               : <==      Total: 1
2026-08-26T07:13:48.197+08:00 DEBUG 111180 --- [ptidss-server] [nio-9080-exec-4] c.p.s.mapper.SysUserMapper.updateById    : ==>  Preparing: UPDATE sys_user SET last_login_at=?, updated_at=? WHERE id=? AND deleted=false
2026-08-26T07:13:48.198+08:00 DEBUG 111180 --- [ptidss-server] [nio-9080-exec-4] c.p.s.mapper.SysUserMapper.updateById    : ==> Parameters: 2026-08-26 07:13:48.192(Timestamp), 2026-08-26 07:13:48.195(Timestamp), 1(Long)
2026-08-26T07:13:48.201+08:00 DEBUG 111180 --- [ptidss-server] [nio-9080-exec-4] c.p.s.mapper.SysUserMapper.updateById    : <==    Updates: 1
2026-08-26T07:13:48.202+08:00 DEBUG 111180 --- [ptidss-server] [nio-9080-exec-4] c.p.system.mapper.AuditLogMapper.insert  : ==>  Preparing: INSERT INTO audit_log ( id, trace_id, user_id, username, action, target_type, target_id, ip, user_agent, result, created_at ) VALUES ( ?, ?, ?, ?, ?, ?, ?, ?, ?, ?, ? )
2026-08-26T07:13:48.203+08:00 DEBUG 111180 --- [ptidss-server] [nio-9080-exec-4] c.p.system.mapper.AuditLogMapper.insert  : ==> Parameters: 218145869327896576(Long), 508a43b0b4014ad1(String), 0(Long), admin(String), login(String), auth(String), LoginBody(username=admin, password=Ptidss@2026, captchaKey=34a67(String), 127.0.0.1(String), Mozilla/5.0 (X11; Ubuntu; Linux x86_64) AppleWebKit/537.36 (KHTML, like Gecko) Chrome/151.0.0.0 Safari/537.36(String), success(String), 2026-08-26 07:13:48.202(Timestamp)
2026-08-26T07:13:48.204+08:00 DEBUG 111180 --- [ptidss-server] [nio-9080-exec-4] c.p.system.mapper.AuditLogMapper.insert  : <==    Updates: 1
2026-08-26T07:13:53.464+08:00 DEBUG 111180 --- [ptidss-server] [nio-9080-exec-3] c.p.s.mapper.SysRegionMapper.selectList  : ==>  Preparing: SELECT id,region_code,region_name,market_support,exchange_channel,settlement_period,status,launch_order,version,deleted,created_at,updated_at FROM sys_region WHERE deleted=false ORDER BY launch_order ASC
2026-08-26T07:13:53.465+08:00 DEBUG 111180 --- [ptidss-server] [nio-9080-exec-3] c.p.s.mapper.SysRegionMapper.selectList  : ==> Parameters: 
2026-08-26T07:13:53.465+08:00 DEBUG 111180 --- [ptidss-server] [nio-9080-exec-4] c.p.s.m.S.createTableIfNotExists         : ==>  Preparing: CREATE TABLE IF NOT EXISTS sys_config (id BIGINT PRIMARY KEY, config_key VARCHAR(64) NOT NULL, config_name VARCHAR(128) NOT NULL, description VARCHAR(255), config_group VARCHAR(32) NOT NULL, config_type VARCHAR(16) NOT NULL DEFAULT 'string' CHECK (config_type IN ('string','number','boolean','select','json')), enum_values JSONB, value JSONB NOT NULL, is_sensitive BOOLEAN NOT NULL DEFAULT FALSE, is_builtin BOOLEAN NOT NULL DEFAULT TRUE, status VARCHAR(8) NOT NULL DEFAULT 'enabled' CHECK (status IN ('enabled','disabled')), sort_order INT NOT NULL DEFAULT 100, created_at TIMESTAMP NOT NULL DEFAULT now(), updated_at TIMESTAMP NOT NULL DEFAULT now(), version INT NOT NULL DEFAULT 1, deleted BOOLEAN NOT NULL DEFAULT FALSE)
2026-08-26T07:13:53.466+08:00 DEBUG 111180 --- [ptidss-server] [nio-9080-exec-4] c.p.s.m.S.createTableIfNotExists         : ==> Parameters: 
2026-08-26T07:13:53.468+08:00 DEBUG 111180 --- [ptidss-server] [nio-9080-exec-2] c.p.s.mapper.SysRoleMapper.selectList    : ==>  Preparing: SELECT id,role_code,role_name,description,status,version,deleted,created_at,updated_at FROM sys_role WHERE deleted=false ORDER BY id ASC
2026-08-26T07:13:53.468+08:00 DEBUG 111180 --- [ptidss-server] [nio-9080-exec-2] c.p.s.mapper.SysRoleMapper.selectList    : ==> Parameters: 
2026-08-26T07:13:53.469+08:00 DEBUG 111180 --- [ptidss-server] [nio-9080-exec-3] c.p.s.mapper.SysRegionMapper.selectList  : <==      Total: 11
2026-08-26T07:13:53.475+08:00 DEBUG 111180 --- [ptidss-server] [nio-9080-exec-2] c.p.s.mapper.SysRoleMapper.selectList    : <==      Total: 7
2026-08-26T07:13:53.476+08:00 DEBUG 111180 --- [ptidss-server] [nio-9080-exec-2] c.p.s.m.SysRoleRegionMapper.selectList   : ==>  Preparing: SELECT role_id,region_code FROM sys_role_region
2026-08-26T07:13:53.476+08:00 DEBUG 111180 --- [ptidss-server] [nio-9080-exec-2] c.p.s.m.SysRoleRegionMapper.selectList   : ==> Parameters: 
2026-08-26T07:13:53.478+08:00 DEBUG 111180 --- [ptidss-server] [nio-9080-exec-2] c.p.s.m.SysRoleRegionMapper.selectList   : <==      Total: 0
2026-08-26T07:13:53.480+08:00 DEBUG 111180 --- [ptidss-server] [nio-9080-exec-4] c.p.s.m.S.createTableIfNotExists         : <==    Updates: 0
2026-08-26T07:13:53.480+08:00 DEBUG 111180 --- [ptidss-server] [nio-9080-exec-4] c.p.s.m.S.createUniqueIndex              : ==>  Preparing: CREATE UNIQUE INDEX IF NOT EXISTS uk_sys_config_key ON sys_config(config_key) WHERE NOT deleted
2026-08-26T07:13:53.481+08:00 DEBUG 111180 --- [ptidss-server] [nio-9080-exec-4] c.p.s.m.S.createUniqueIndex              : ==> Parameters: 
2026-08-26T07:13:53.483+08:00 DEBUG 111180 --- [ptidss-server] [nio-9080-exec-4] c.p.s.m.S.createUniqueIndex              : <==    Updates: 0
2026-08-26T07:13:53.483+08:00 DEBUG 111180 --- [ptidss-server] [nio-9080-exec-1] c.p.s.m.S.selectList_mpCount             : ==>  Preparing: SELECT COUNT(*) AS total FROM sys_user WHERE deleted = false
2026-08-26T07:13:53.484+08:00 DEBUG 111180 --- [ptidss-server] [nio-9080-exec-1] c.p.s.m.S.selectList_mpCount             : ==> Parameters: 
2026-08-26T07:13:53.484+08:00 DEBUG 111180 --- [ptidss-server] [nio-9080-exec-4] c.p.s.m.SysConfigMapper.selectCount      : ==>  Preparing: SELECT COUNT( * ) AS total FROM sys_config WHERE deleted=false
2026-08-26T07:13:53.485+08:00 DEBUG 111180 --- [ptidss-server] [nio-9080-exec-4] c.p.s.m.SysConfigMapper.selectCount      : ==> Parameters: 
2026-08-26T07:13:53.486+08:00 DEBUG 111180 --- [ptidss-server] [nio-9080-exec-1] c.p.s.m.S.selectList_mpCount             : <==      Total: 1
2026-08-26T07:13:53.486+08:00 DEBUG 111180 --- [ptidss-server] [nio-9080-exec-1] c.p.s.mapper.SysUserMapper.selectList    : ==>  Preparing: SELECT id,username,display_name,password_hash,role_ids,org_code,phone,email,status,last_login_at,version,deleted,created_at,updated_at FROM sys_user WHERE deleted=false ORDER BY id ASC LIMIT ?
2026-08-26T07:13:53.487+08:00 DEBUG 111180 --- [ptidss-server] [nio-9080-exec-1] c.p.s.mapper.SysUserMapper.selectList    : ==> Parameters: 10(Long)
2026-08-26T07:13:53.489+08:00 DEBUG 111180 --- [ptidss-server] [nio-9080-exec-4] c.p.s.m.SysConfigMapper.selectCount      : <==      Total: 1
2026-08-26T07:13:53.491+08:00 DEBUG 111180 --- [ptidss-server] [nio-9080-exec-1] c.p.s.mapper.SysUserMapper.selectList    : <==      Total: 4
2026-08-26T07:13:53.493+08:00 DEBUG 111180 --- [ptidss-server] [nio-9080-exec-4] c.p.s.mapper.SysConfigMapper.selectList  : ==>  Preparing: SELECT id,config_key,config_name,description,config_group,config_type,enum_values,value,is_sensitive,is_builtin,status,sort_order,version,deleted,created_at,updated_at FROM sys_config WHERE deleted=false ORDER BY config_group ASC,sort_order ASC,id ASC
2026-08-26T07:13:53.497+08:00 DEBUG 111180 --- [ptidss-server] [nio-9080-exec-4] c.p.s.mapper.SysConfigMapper.selectList  : ==> Parameters: 
2026-08-26T07:13:53.506+08:00 DEBUG 111180 --- [ptidss-server] [nio-9080-exec-4] c.p.s.mapper.SysConfigMapper.selectList  : <==      Total: 33
2026-08-26T07:13:55.562+08:00 DEBUG 111180 --- [ptidss-server] [nio-9080-exec-5] c.p.s.mapper.SysConfigMapper.selectList  : ==>  Preparing: SELECT id,config_key,config_name,description,config_group,config_type,enum_values,value,is_sensitive,is_builtin,status,sort_order,version,deleted,created_at,updated_at FROM sys_config WHERE deleted=false ORDER BY config_group ASC,sort_order ASC,id ASC
2026-08-26T07:13:55.562+08:00 DEBUG 111180 --- [ptidss-server] [nio-9080-exec-5] c.p.s.mapper.SysConfigMapper.selectList  : ==> Parameters: 
2026-08-26T07:13:55.565+08:00 DEBUG 111180 --- [ptidss-server] [nio-9080-exec-5] c.p.s.mapper.SysConfigMapper.selectList  : <==      Total: 33
2026-08-26T07:14:14.774+08:00 DEBUG 111180 --- [ptidss-server] [ ptidss-sched-1] c.p.s.mapper.SysRoleMapper.selectList    : ==>  Preparing: SELECT id,role_code,role_name,description,status,version,deleted,created_at,updated_at FROM sys_role WHERE deleted=false
2026-08-26T07:14:14.774+08:00 DEBUG 111180 --- [ptidss-server] [ ptidss-sched-1] c.p.s.mapper.SysRoleMapper.selectList    : ==> Parameters: 
2026-08-26T07:14:14.775+08:00 DEBUG 111180 --- [ptidss-server] [ ptidss-sched-1] c.p.s.mapper.SysRoleMapper.selectList    : <==      Total: 7
2026-08-26T07:14:14.776+08:00 DEBUG 111180 --- [ptidss-server] [ ptidss-sched-1] c.p.s.mapper.SysUserMapper.selectList    : ==>  Preparing: SELECT id,username,display_name,password_hash,role_ids,org_code,phone,email,status,last_login_at,version,deleted,created_at,updated_at FROM sys_user WHERE deleted=false AND (role_ids @> ANY (ARRAY['[1]','[2]','[3]','[4]','[5]','[6]','[7]']::jsonb[]))
2026-08-26T07:14:14.777+08:00 DEBUG 111180 --- [ptidss-server] [ ptidss-sched-1] c.p.s.mapper.SysUserMapper.selectList    : ==> Parameters: 
2026-08-26T07:14:14.778+08:00 DEBUG 111180 --- [ptidss-server] [ ptidss-sched-1] c.p.s.mapper.SysUserMapper.selectList    : <==      Total: 4
2026-08-26T07:14:14.783+08:00  INFO 111180 --- [ptidss-server] [ ptidss-sched-1] com.ptidss.intel.service.IntelService    : 情报推送执行完成：匹配情报 0 条，派发消息 0 条，触发决策会话情报重评 0 个
2026-08-26T07:14:33.450+08:00 DEBUG 111180 --- [ptidss-server] [nio-9080-exec-8] c.p.s.m.SysPermissionMapper.selectList   : ==>  Preparing: SELECT id,perm_code,perm_name,resource_type,resource_pattern,status,version,deleted,created_at,updated_at FROM sys_permission WHERE deleted=false ORDER BY id ASC
2026-08-26T07:14:33.450+08:00 DEBUG 111180 --- [ptidss-server] [nio-9080-exec-8] c.p.s.m.SysPermissionMapper.selectList   : ==> Parameters: 
2026-08-26T07:14:33.453+08:00 DEBUG 111180 --- [ptidss-server] [nio-9080-exec-8] c.p.s.m.SysPermissionMapper.selectList   : <==      Total: 18
2026-08-26T07:14:34.220+08:00 DEBUG 111180 --- [ptidss-server] [io-9080-exec-10] c.p.s.mapper.SysRegionMapper.selectList  : ==>  Preparing: SELECT id,region_code,region_name,market_support,exchange_channel,settlement_period,status,launch_order,version,deleted,created_at,updated_at FROM sys_region WHERE deleted=false ORDER BY launch_order ASC
2026-08-26T07:14:34.222+08:00 DEBUG 111180 --- [ptidss-server] [io-9080-exec-10] c.p.s.mapper.SysRegionMapper.selectList  : ==> Parameters: 
2026-08-26T07:14:34.227+08:00 DEBUG 111180 --- [ptidss-server] [io-9080-exec-10] c.p.s.mapper.SysRegionMapper.selectList  : <==      Total: 11
2026-08-26T07:14:34.393+08:00  INFO 111180 --- [ptidss-server] [ ptidss-sched-4] c.p.intel.service.IntelFetchService      : 行情采集执行完成：到期 0 个（成功 0 / 失败 0 / 跳过未到期 20）
2026-08-26T07:14:35.272+08:00 DEBUG 111180 --- [ptidss-server] [nio-9080-exec-9] c.p.s.m.A.selectList_mpCount             : ==>  Preparing: SELECT COUNT(*) AS total FROM audit_log
2026-08-26T07:14:35.272+08:00 DEBUG 111180 --- [ptidss-server] [nio-9080-exec-9] c.p.s.m.A.selectList_mpCount             : ==> Parameters: 
2026-08-26T07:14:35.276+08:00 DEBUG 111180 --- [ptidss-server] [nio-9080-exec-9] c.p.s.m.A.selectList_mpCount             : <==      Total: 1
2026-08-26T07:14:35.276+08:00 DEBUG 111180 --- [ptidss-server] [nio-9080-exec-9] c.p.s.mapper.AuditLogMapper.selectList   : ==>  Preparing: SELECT id,trace_id,user_id,username,action,target_type,target_id,before_snapshot,after_snapshot,ip,user_agent,result,region_code,created_at FROM audit_log ORDER BY created_at DESC LIMIT ?
2026-08-26T07:14:35.277+08:00 DEBUG 111180 --- [ptidss-server] [nio-9080-exec-9] c.p.s.mapper.AuditLogMapper.selectList   : ==> Parameters: 10(Long)
2026-08-26T07:14:35.280+08:00 DEBUG 111180 --- [ptidss-server] [nio-9080-exec-9] c.p.s.mapper.AuditLogMapper.selectList   : <==      Total: 10
2026-08-26T07:14:35.281+08:00 DEBUG 111180 --- [ptidss-server] [nio-9080-exec-9] c.p.s.mapper.SysUserMapper.selectList    : ==>  Preparing: SELECT id,username,display_name,password_hash,role_ids,org_code,phone,email,status,last_login_at,version,deleted,created_at,updated_at FROM sys_user WHERE deleted=false
2026-08-26T07:14:35.281+08:00 DEBUG 111180 --- [ptidss-server] [nio-9080-exec-9] c.p.s.mapper.SysUserMapper.selectList    : ==> Parameters: 
2026-08-26T07:14:35.282+08:00 DEBUG 111180 --- [ptidss-server] [nio-9080-exec-9] c.p.s.mapper.SysUserMapper.selectList    : <==      Total: 4
2026-08-26T07:14:36.154+08:00 DEBUG 111180 --- [ptidss-server] [nio-9080-exec-6] c.p.s.m.SysPermissionMapper.selectList   : ==>  Preparing: SELECT id,perm_code,perm_name,resource_type,resource_pattern,status,version,deleted,created_at,updated_at FROM sys_permission WHERE deleted=false ORDER BY id ASC
2026-08-26T07:14:36.155+08:00 DEBUG 111180 --- [ptidss-server] [nio-9080-exec-6] c.p.s.m.SysPermissionMapper.selectList   : ==> Parameters: 
2026-08-26T07:14:36.155+08:00 DEBUG 111180 --- [ptidss-server] [nio-9080-exec-7] c.p.s.mapper.SysRoleMapper.selectList    : ==>  Preparing: SELECT id,role_code,role_name,description,status,version,deleted,created_at,updated_at FROM sys_role WHERE deleted=false ORDER BY id ASC
2026-08-26T07:14:36.156+08:00 DEBUG 111180 --- [ptidss-server] [nio-9080-exec-7] c.p.s.mapper.SysRoleMapper.selectList    : ==> Parameters: 
2026-08-26T07:14:36.158+08:00 DEBUG 111180 --- [ptidss-server] [nio-9080-exec-6] c.p.s.m.SysPermissionMapper.selectList   : <==      Total: 18
2026-08-26T07:14:36.158+08:00 DEBUG 111180 --- [ptidss-server] [nio-9080-exec-7] c.p.s.mapper.SysRoleMapper.selectList    : <==      Total: 7
2026-08-26T07:14:36.158+08:00 DEBUG 111180 --- [ptidss-server] [nio-9080-exec-7] c.p.s.m.SysRoleRegionMapper.selectList   : ==>  Preparing: SELECT role_id,region_code FROM sys_role_region
2026-08-26T07:14:36.159+08:00 DEBUG 111180 --- [ptidss-server] [nio-9080-exec-7] c.p.s.m.SysRoleRegionMapper.selectList   : ==> Parameters: 
2026-08-26T07:14:36.160+08:00 DEBUG 111180 --- [ptidss-server] [nio-9080-exec-7] c.p.s.m.SysRoleRegionMapper.selectList   : <==      Total: 0
2026-08-26T07:14:36.753+08:00 DEBUG 111180 --- [ptidss-server] [nio-9080-exec-3] c.p.s.m.SysPermissionMapper.selectList   : ==>  Preparing: SELECT id,perm_code,perm_name,resource_type,resource_pattern,status,version,deleted,created_at,updated_at FROM sys_permission WHERE deleted=false ORDER BY id ASC
2026-08-26T07:14:36.753+08:00 DEBUG 111180 --- [ptidss-server] [nio-9080-exec-3] c.p.s.m.SysPermissionMapper.selectList   : ==> Parameters: 
2026-08-26T07:14:36.756+08:00 DEBUG 111180 --- [ptidss-server] [nio-9080-exec-3] c.p.s.m.SysPermissionMapper.selectList   : <==      Total: 18
2026-08-26T07:14:37.658+08:00 DEBUG 111180 --- [ptidss-server] [nio-9080-exec-2] c.p.s.mapper.SysRegionMapper.selectList  : ==>  Preparing: SELECT id,region_code,region_name,market_support,exchange_channel,settlement_period,status,launch_order,version,deleted,created_at,updated_at FROM sys_region WHERE deleted=false ORDER BY launch_order ASC
2026-08-26T07:14:37.658+08:00 DEBUG 111180 --- [ptidss-server] [nio-9080-exec-2] c.p.s.mapper.SysRegionMapper.selectList  : ==> Parameters: 
2026-08-26T07:14:37.666+08:00 DEBUG 111180 --- [ptidss-server] [nio-9080-exec-2] c.p.s.mapper.SysRegionMapper.selectList  : <==      Total: 11
2026-08-26T07:14:44.813+08:00 DEBUG 111180 --- [ptidss-server] [ ptidss-sched-2] c.p.s.mapper.SysRoleMapper.selectList    : ==>  Preparing: SELECT id,role_code,role_name,description,status,version,deleted,created_at,updated_at FROM sys_role WHERE deleted=false
2026-08-26T07:14:44.814+08:00 DEBUG 111180 --- [ptidss-server] [ ptidss-sched-2] c.p.s.mapper.SysRoleMapper.selectList    : ==> Parameters: 
2026-08-26T07:14:44.815+08:00 DEBUG 111180 --- [ptidss-server] [ ptidss-sched-2] c.p.s.mapper.SysRoleMapper.selectList    : <==      Total: 7
2026-08-26T07:14:44.817+08:00 DEBUG 111180 --- [ptidss-server] [ ptidss-sched-2] c.p.s.mapper.SysUserMapper.selectList    : ==>  Preparing: SELECT id,username,display_name,password_hash,role_ids,org_code,phone,email,status,last_login_at,version,deleted,created_at,updated_at FROM sys_user WHERE deleted=false AND (role_ids @> ANY (ARRAY['[1]','[2]','[3]','[4]','[5]','[6]','[7]']::jsonb[]))
2026-08-26T07:14:44.817+08:00 DEBUG 111180 --- [ptidss-server] [ ptidss-sched-2] c.p.s.mapper.SysUserMapper.selectList    : ==> Parameters: 
2026-08-26T07:14:44.818+08:00 DEBUG 111180 --- [ptidss-server] [ ptidss-sched-2] c.p.s.mapper.SysUserMapper.selectList    : <==      Total: 4
2026-08-26T07:14:44.826+08:00  INFO 111180 --- [ptidss-server] [ ptidss-sched-2] com.ptidss.intel.service.IntelService    : 情报推送执行完成：匹配情报 0 条，派发消息 0 条，触发决策会话情报重评 0 个
2026-08-26T07:15:14.873+08:00 DEBUG 111180 --- [ptidss-server] [ ptidss-sched-2] c.p.s.mapper.SysRoleMapper.selectList    : ==>  Preparing: SELECT id,role_code,role_name,description,status,version,deleted,created_at,updated_at FROM sys_role WHERE deleted=false
2026-08-26T07:15:14.873+08:00 DEBUG 111180 --- [ptidss-server] [ ptidss-sched-2] c.p.s.mapper.SysRoleMapper.selectList    : ==> Parameters: 
2026-08-26T07:15:14.875+08:00 DEBUG 111180 --- [ptidss-server] [ ptidss-sched-2] c.p.s.mapper.SysRoleMapper.selectList    : <==      Total: 7
2026-08-26T07:15:14.876+08:00 DEBUG 111180 --- [ptidss-server] [ ptidss-sched-2] c.p.s.mapper.SysUserMapper.selectList    : ==>  Preparing: SELECT id,username,display_name,password_hash,role_ids,org_code,phone,email,status,last_login_at,version,deleted,created_at,updated_at FROM sys_user WHERE deleted=false AND (role_ids @> ANY (ARRAY['[1]','[2]','[3]','[4]','[5]','[6]','[7]']::jsonb[]))
2026-08-26T07:15:14.876+08:00 DEBUG 111180 --- [ptidss-server] [ ptidss-sched-2] c.p.s.mapper.SysUserMapper.selectList    : ==> Parameters: 
2026-08-26T07:15:14.878+08:00 DEBUG 111180 --- [ptidss-server] [ ptidss-sched-2] c.p.s.mapper.SysUserMapper.selectList    : <==      Total: 4
2026-08-26T07:15:14.882+08:00  INFO 111180 --- [ptidss-server] [ ptidss-sched-2] com.ptidss.intel.service.IntelService    : 情报推送执行完成：匹配情报 0 条，派发消息 0 条，触发决策会话情报重评 0 个
2026-08-26T07:15:15.993+08:00 DEBUG 111180 --- [ptidss-server] [nio-9080-exec-1] c.p.s.m.SysRegionMapper.selectCount      : ==>  Preparing: SELECT COUNT( * ) AS total FROM sys_region WHERE deleted=false AND (region_code = ?)
2026-08-26T07:15:15.993+08:00 DEBUG 111180 --- [ptidss-server] [nio-9080-exec-1] c.p.s.m.SysRegionMapper.selectCount      : ==> Parameters: CN-12(String)
2026-08-26T07:15:15.996+08:00 DEBUG 111180 --- [ptidss-server] [nio-9080-exec-1] c.p.s.m.SysRegionMapper.selectCount      : <==      Total: 1
2026-08-26T07:15:15.998+08:00 DEBUG 111180 --- [ptidss-server] [nio-9080-exec-1] c.p.s.mapper.SysRegionMapper.insert      : ==>  Preparing: INSERT INTO sys_region ( id, region_code, region_name, market_support, exchange_channel, settlement_period, status, version, deleted, created_at, updated_at ) VALUES ( ?, ?, ?, ?, ?, ?, ?, ?, ?, ?, ? )
2026-08-26T07:15:16.012+08:00 DEBUG 111180 --- [ptidss-server] [nio-9080-exec-1] c.p.s.mapper.SysRegionMapper.insert      : ==> Parameters: 218146237571010560(Long), CN-12(String), XXX省(String), ["现货"](String), both(String), natural_month(String), enabled(String), 1(Integer), false(Boolean), 2026-08-26 07:15:15.998(Timestamp), 2026-08-26 07:15:15.998(Timestamp)
2026-08-26T07:15:16.016+08:00 DEBUG 111180 --- [ptidss-server] [nio-9080-exec-1] c.p.s.mapper.SysRegionMapper.insert      : <==    Updates: 1
2026-08-26T07:15:16.076+08:00 DEBUG 111180 --- [ptidss-server] [nio-9080-exec-1] c.p.system.mapper.AuditLogMapper.insert  : ==>  Preparing: INSERT INTO audit_log ( id, trace_id, user_id, username, action, target_type, target_id, after_snapshot, ip, user_agent, result, region_code, created_at ) VALUES ( ?, ?, ?, ?, ?, ?, ?, ?, ?, ?, ?, ?, ? )
2026-08-26T07:15:16.077+08:00 DEBUG 111180 --- [ptidss-server] [nio-9080-exec-1] c.p.system.mapper.AuditLogMapper.insert  : ==> Parameters: 218146237650702336(Long), 07a92822f356486e(String), 1(Long), admin(String), region_create(String), sys_region(String), SysRegion(id=218146237571010560, regionCode=CN-12, regionName=XX(String), [{"createdAt":"2026-08-26 07:15:15","deleted":false,"exchangeChannel":"both","id":218146237571010560,"marketSupport":["现货"],"regionCode":"CN-12","regionName":"XXX省","settlementPeriod":"natural_month","status":"enabled","updatedAt":"2026-08-26 07:15:15","version":1}](String), 127.0.0.1(String), Mozilla/5.0 (X11; Ubuntu; Linux x86_64) AppleWebKit/537.36 (KHTML, like Gecko) Chrome/151.0.0.0 Safari/537.36(String), success(String), CN-11(String), 2026-08-26 07:15:16.018(Timestamp)
2026-08-26T07:15:16.079+08:00 DEBUG 111180 --- [ptidss-server] [nio-9080-exec-1] c.p.system.mapper.AuditLogMapper.insert  : <==    Updates: 1
2026-08-26T07:15:16.089+08:00 DEBUG 111180 --- [ptidss-server] [nio-9080-exec-4] c.p.s.mapper.SysRegionMapper.selectList  : ==>  Preparing: SELECT id,region_code,region_name,market_support,exchange_channel,settlement_period,status,launch_order,version,deleted,created_at,updated_at FROM sys_region WHERE deleted=false ORDER BY launch_order ASC
2026-08-26T07:15:16.089+08:00 DEBUG 111180 --- [ptidss-server] [nio-9080-exec-4] c.p.s.mapper.SysRegionMapper.selectList  : ==> Parameters: 
2026-08-26T07:15:16.094+08:00 DEBUG 111180 --- [ptidss-server] [nio-9080-exec-4] c.p.s.mapper.SysRegionMapper.selectList  : <==      Total: 12
2026-08-26T07:15:23.677+08:00 DEBUG 111180 --- [ptidss-server] [nio-9080-exec-5] c.p.s.mapper.SysRegionMapper.deleteById  : ==>  Preparing: UPDATE sys_region SET updated_at=?, deleted=true WHERE id=? AND deleted=false
2026-08-26T07:15:23.678+08:00 DEBUG 111180 --- [ptidss-server] [nio-9080-exec-5] c.p.s.mapper.SysRegionMapper.deleteById  : ==> Parameters: 2026-08-26 07:15:23.676(Timestamp), 218146237571010560(Long)
2026-08-26T07:15:23.681+08:00 DEBUG 111180 --- [ptidss-server] [nio-9080-exec-5] c.p.s.mapper.SysRegionMapper.deleteById  : <==    Updates: 1
2026-08-26T07:15:23.683+08:00 DEBUG 111180 --- [ptidss-server] [nio-9080-exec-5] c.p.system.mapper.AuditLogMapper.insert  : ==>  Preparing: INSERT INTO audit_log ( id, trace_id, user_id, username, action, target_type, target_id, after_snapshot, ip, user_agent, result, region_code, created_at ) VALUES ( ?, ?, ?, ?, ?, ?, ?, ?, ?, ?, ?, ?, ? )
2026-08-26T07:15:23.684+08:00 DEBUG 111180 --- [ptidss-server] [nio-9080-exec-5] c.p.system.mapper.AuditLogMapper.insert  : ==> Parameters: 218146269800042496(Long), 68f73251605b48b5(String), 1(Long), admin(String), region_delete(String), sys_region(String), 218146237571010560(String), [218146237571010560](String), 127.0.0.1(String), Mozilla/5.0 (X11; Ubuntu; Linux x86_64) AppleWebKit/537.36 (KHTML, like Gecko) Chrome/151.0.0.0 Safari/537.36(String), success(String), CN-11(String), 2026-08-26 07:15:23.682(Timestamp)
2026-08-26T07:15:23.686+08:00 DEBUG 111180 --- [ptidss-server] [nio-9080-exec-5] c.p.system.mapper.AuditLogMapper.insert  : <==    Updates: 1
2026-08-26T07:15:23.696+08:00 DEBUG 111180 --- [ptidss-server] [nio-9080-exec-8] c.p.s.mapper.SysRegionMapper.selectList  : ==>  Preparing: SELECT id,region_code,region_name,market_support,exchange_channel,settlement_period,status,launch_order,version,deleted,created_at,updated_at FROM sys_region WHERE deleted=false ORDER BY launch_order ASC
2026-08-26T07:15:23.696+08:00 DEBUG 111180 --- [ptidss-server] [nio-9080-exec-8] c.p.s.mapper.SysRegionMapper.selectList  : ==> Parameters: 
2026-08-26T07:15:23.698+08:00 DEBUG 111180 --- [ptidss-server] [nio-9080-exec-8] c.p.s.mapper.SysRegionMapper.selectList  : <==      Total: 11
2026-08-26T07:15:27.194+08:00 DEBUG 111180 --- [ptidss-server] [io-9080-exec-10] c.p.s.m.SysPermissionMapper.selectList   : ==>  Preparing: SELECT id,perm_code,perm_name,resource_type,resource_pattern,status,version,deleted,created_at,updated_at FROM sys_permission WHERE deleted=false ORDER BY id ASC
2026-08-26T07:15:27.195+08:00 DEBUG 111180 --- [ptidss-server] [io-9080-exec-10] c.p.s.m.SysPermissionMapper.selectList   : ==> Parameters: 
2026-08-26T07:15:27.200+08:00 DEBUG 111180 --- [ptidss-server] [io-9080-exec-10] c.p.s.m.SysPermissionMapper.selectList   : <==      Total: 18
2026-08-26T07:15:34.402+08:00  INFO 111180 --- [ptidss-server] [ ptidss-sched-4] c.p.intel.service.IntelFetchService      : 行情采集执行完成：到期 0 个（成功 0 / 失败 0 / 跳过未到期 20）
2026-08-26T07:15:44.927+08:00 DEBUG 111180 --- [ptidss-server] [ ptidss-sched-3] c.p.s.mapper.SysRoleMapper.selectList    : ==>  Preparing: SELECT id,role_code,role_name,description,status,version,deleted,created_at,updated_at FROM sys_role WHERE deleted=false
2026-08-26T07:15:44.927+08:00 DEBUG 111180 --- [ptidss-server] [ ptidss-sched-3] c.p.s.mapper.SysRoleMapper.selectList    : ==> Parameters: 
2026-08-26T07:15:44.928+08:00 DEBUG 111180 --- [ptidss-server] [ ptidss-sched-3] c.p.s.mapper.SysRoleMapper.selectList    : <==      Total: 7
2026-08-26T07:15:44.929+08:00 DEBUG 111180 --- [ptidss-server] [ ptidss-sched-3] c.p.s.mapper.SysUserMapper.selectList    : ==>  Preparing: SELECT id,username,display_name,password_hash,role_ids,org_code,phone,email,status,last_login_at,version,deleted,created_at,updated_at FROM sys_user WHERE deleted=false AND (role_ids @> ANY (ARRAY['[1]','[2]','[3]','[4]','[5]','[6]','[7]']::jsonb[]))
2026-08-26T07:15:44.929+08:00 DEBUG 111180 --- [ptidss-server] [ ptidss-sched-3] c.p.s.mapper.SysUserMapper.selectList    : ==> Parameters: 
2026-08-26T07:15:44.930+08:00 DEBUG 111180 --- [ptidss-server] [ ptidss-sched-3] c.p.s.mapper.SysUserMapper.selectList    : <==      Total: 4
2026-08-26T07:15:44.933+08:00  INFO 111180 --- [ptidss-server] [ ptidss-sched-3] com.ptidss.intel.service.IntelService    : 情报推送执行完成：匹配情报 0 条，派发消息 0 条，触发决策会话情报重评 0 个
2026-08-26T07:16:14.974+08:00 DEBUG 111180 --- [ptidss-server] [ ptidss-sched-3] c.p.s.mapper.SysRoleMapper.selectList    : ==>  Preparing: SELECT id,role_code,role_name,description,status,version,deleted,created_at,updated_at FROM sys_role WHERE deleted=false
2026-08-26T07:16:14.975+08:00 DEBUG 111180 --- [ptidss-server] [ ptidss-sched-3] c.p.s.mapper.SysRoleMapper.selectList    : ==> Parameters: 
2026-08-26T07:16:14.976+08:00 DEBUG 111180 --- [ptidss-server] [ ptidss-sched-3] c.p.s.mapper.SysRoleMapper.selectList    : <==      Total: 7
2026-08-26T07:16:14.977+08:00 DEBUG 111180 --- [ptidss-server] [ ptidss-sched-3] c.p.s.mapper.SysUserMapper.selectList    : ==>  Preparing: SELECT id,username,display_name,password_hash,role_ids,org_code,phone,email,status,last_login_at,version,deleted,created_at,updated_at FROM sys_user WHERE deleted=false AND (role_ids @> ANY (ARRAY['[1]','[2]','[3]','[4]','[5]','[6]','[7]']::jsonb[]))
2026-08-26T07:16:14.978+08:00 DEBUG 111180 --- [ptidss-server] [ ptidss-sched-3] c.p.s.mapper.SysUserMapper.selectList    : ==> Parameters: 
2026-08-26T07:16:14.979+08:00 DEBUG 111180 --- [ptidss-server] [ ptidss-sched-3] c.p.s.mapper.SysUserMapper.selectList    : <==      Total: 4
2026-08-26T07:16:14.987+08:00  INFO 111180 --- [ptidss-server] [ ptidss-sched-3] com.ptidss.intel.service.IntelService    : 情报推送执行完成：匹配情报 0 条，派发消息 0 条，触发决策会话情报重评 0 个
2026-08-26T07:16:34.411+08:00  INFO 111180 --- [ptidss-server] [ ptidss-sched-2] c.p.intel.service.IntelFetchService      : 行情采集执行完成：到期 0 个（成功 0 / 失败 0 / 跳过未到期 20）
