nohup: 忽略输入

  .   ____          _            __ _ _
 /\\ / ___'_ __ _ _(_)_ __  __ _ \ \ \ \
( ( )\___ | '_ | '_| | '_ \/ _` | \ \ \ \
 \\/  ___)| |_)| | | | | || (_| |  ) ) ) )
  '  |____| .__|_| |_|_| |_\__, | / / / /
 =========|_|==============|___/=/_/_/_/

 :: Spring Boot ::               (v3.5.16)

2026-08-23T22:48:26.614+08:00  INFO 20464 --- [ptidss-server] [           main] com.ptidss.PtidssApplication             : Starting PtidssApplication v1.0.0 using Java 21.0.12.1 with PID 20464 (/home/odoo/workspace/PTIDSS/ptidss-server/target/ptidss-server.jar started by odoo in /home/odoo/workspace/PTIDSS/ptidss-server)
2026-08-23T22:48:26.617+08:00  INFO 20464 --- [ptidss-server] [           main] com.ptidss.PtidssApplication             : The following 1 profile is active: "prod"
2026-08-23T22:48:28.462+08:00  INFO 20464 --- [ptidss-server] [           main] o.s.b.w.embedded.tomcat.TomcatWebServer  : Tomcat initialized with port 9081 (http)
2026-08-23T22:48:28.481+08:00  INFO 20464 --- [ptidss-server] [           main] o.apache.catalina.core.StandardService   : Starting service [Tomcat]
2026-08-23T22:48:28.482+08:00  INFO 20464 --- [ptidss-server] [           main] o.apache.catalina.core.StandardEngine    : Starting Servlet engine: [Apache Tomcat/10.1.55]
2026-08-23T22:48:28.512+08:00  INFO 20464 --- [ptidss-server] [           main] o.a.c.c.C.[.[localhost].[/ptidss]        : Initializing Spring embedded WebApplicationContext
2026-08-23T22:48:28.512+08:00  INFO 20464 --- [ptidss-server] [           main] w.s.c.ServletWebServerApplicationContext : Root WebApplicationContext: initialization completed in 1827 ms
2026-08-23T22:48:29.501+08:00  WARN 20464 --- [ptidss-server] [           main] c.b.m.core.metadata.TableInfoHelper      : Can not find table primary key in Class: "com.ptidss.system.domain.SysUserRegion".
2026-08-23T22:48:29.501+08:00  WARN 20464 --- [ptidss-server] [           main] c.b.m.core.injector.DefaultSqlInjector   : class com.ptidss.system.domain.SysUserRegion Not found @TableId annotation, Cannot use Mybatis-Plus 'xxById' Method.
2026-08-23T22:48:29.523+08:00  WARN 20464 --- [ptidss-server] [           main] c.b.m.core.metadata.TableInfoHelper      : Can not find table primary key in Class: "com.ptidss.system.domain.SysRoleRegion".
2026-08-23T22:48:29.524+08:00  WARN 20464 --- [ptidss-server] [           main] c.b.m.core.injector.DefaultSqlInjector   : class com.ptidss.system.domain.SysRoleRegion Not found @TableId annotation, Cannot use Mybatis-Plus 'xxById' Method.
2026-08-23T22:48:29.578+08:00  INFO 20464 --- [ptidss-server] [           main] c.ptidss.common.security.TokenService    : TokenService 初始化完成：expire=120min, refreshThreshold=10min
2026-08-23T22:48:29.589+08:00  INFO 20464 --- [ptidss-server] [           main] c.ptidss.auth.service.SysLoginService    : 登录失败锁定已启用：连续 5 次失败锁定 10 分钟
2026-08-23T22:48:29.698+08:00  INFO 20464 --- [ptidss-server] [           main] com.zaxxer.hikari.HikariDataSource       : HikariPool-1 - Starting...
2026-08-23T22:48:29.921+08:00  INFO 20464 --- [ptidss-server] [           main] com.zaxxer.hikari.pool.HikariPool        : HikariPool-1 - Added connection org.postgresql.jdbc.PgConnection@59f76e56
2026-08-23T22:48:29.924+08:00  INFO 20464 --- [ptidss-server] [           main] com.zaxxer.hikari.HikariDataSource       : HikariPool-1 - Start completed.
2026-08-23T22:48:29.936+08:00 DEBUG 20464 --- [ptidss-server] [           main] c.p.s.mapper.SysUserMapper.selectList    : ==>  Preparing: SELECT id,username,display_name,password_hash,role_ids,org_code,phone,email,status,last_login_at,version,deleted,created_at,updated_at FROM sys_user WHERE deleted=false AND (password_hash LIKE ?)
2026-08-23T22:48:29.966+08:00 DEBUG 20464 --- [ptidss-server] [           main] c.p.s.mapper.SysUserMapper.selectList    : ==> Parameters: %PLACEHOLDER%(String)
2026-08-23T22:48:30.143+08:00 DEBUG 20464 --- [ptidss-server] [           main] c.p.s.mapper.SysUserMapper.selectList    : <==      Total: 4
2026-08-23T22:48:30.257+08:00 DEBUG 20464 --- [ptidss-server] [           main] c.p.s.mapper.SysUserMapper.updateById    : ==>  Preparing: UPDATE sys_user SET password_hash=?, updated_at=? WHERE id=? AND deleted=false
2026-08-23T22:48:30.260+08:00 DEBUG 20464 --- [ptidss-server] [           main] c.p.s.mapper.SysUserMapper.updateById    : ==> Parameters: $2a$10$Y/HorCyf3/H12qlrKp4j1.ua8h1oUR1WyzYxNOcabdu8p1UwA9jwy(String), 2026-08-23 22:48:30.256(Timestamp), 1(Long)
2026-08-23T22:48:30.265+08:00 DEBUG 20464 --- [ptidss-server] [           main] c.p.s.mapper.SysUserMapper.updateById    : <==    Updates: 1
2026-08-23T22:48:30.265+08:00  INFO 20464 --- [ptidss-server] [           main] c.ptidss.auth.service.SysLoginService    : 初始化账号密码：admin（默认密码，请首次登录后修改）
2026-08-23T22:48:30.348+08:00 DEBUG 20464 --- [ptidss-server] [           main] c.p.s.mapper.SysUserMapper.updateById    : ==>  Preparing: UPDATE sys_user SET password_hash=?, updated_at=? WHERE id=? AND deleted=false
2026-08-23T22:48:30.348+08:00 DEBUG 20464 --- [ptidss-server] [           main] c.p.s.mapper.SysUserMapper.updateById    : ==> Parameters: $2a$10$88y.bIkd8t3VFTebscqkbeiFPKIWipmqIlMIeu7yK7YxSCUxR2s3O(String), 2026-08-23 22:48:30.347(Timestamp), 2(Long)
2026-08-23T22:48:30.350+08:00 DEBUG 20464 --- [ptidss-server] [           main] c.p.s.mapper.SysUserMapper.updateById    : <==    Updates: 1
2026-08-23T22:48:30.351+08:00  INFO 20464 --- [ptidss-server] [           main] c.ptidss.auth.service.SysLoginService    : 初始化账号密码：trader01（默认密码，请首次登录后修改）
2026-08-23T22:48:30.430+08:00 DEBUG 20464 --- [ptidss-server] [           main] c.p.s.mapper.SysUserMapper.updateById    : ==>  Preparing: UPDATE sys_user SET password_hash=?, updated_at=? WHERE id=? AND deleted=false
2026-08-23T22:48:30.431+08:00 DEBUG 20464 --- [ptidss-server] [           main] c.p.s.mapper.SysUserMapper.updateById    : ==> Parameters: $2a$10$P7lGN7YRHCWP6sn883pbVuzflsk8hVxgXuMdt4AvUzP3FDazzBWOG(String), 2026-08-23 22:48:30.43(Timestamp), 3(Long)
2026-08-23T22:48:30.433+08:00 DEBUG 20464 --- [ptidss-server] [           main] c.p.s.mapper.SysUserMapper.updateById    : <==    Updates: 1
2026-08-23T22:48:30.434+08:00  INFO 20464 --- [ptidss-server] [           main] c.ptidss.auth.service.SysLoginService    : 初始化账号密码：settle01（默认密码，请首次登录后修改）
2026-08-23T22:48:30.512+08:00 DEBUG 20464 --- [ptidss-server] [           main] c.p.s.mapper.SysUserMapper.updateById    : ==>  Preparing: UPDATE sys_user SET password_hash=?, updated_at=? WHERE id=? AND deleted=false
2026-08-23T22:48:30.512+08:00 DEBUG 20464 --- [ptidss-server] [           main] c.p.s.mapper.SysUserMapper.updateById    : ==> Parameters: $2a$10$i.fCVkVgA.XAZk4p0vlAR.0dlT0GiHDrkqn6DD4N70VVPJ6/imJ8m(String), 2026-08-23 22:48:30.512(Timestamp), 4(Long)
2026-08-23T22:48:30.514+08:00 DEBUG 20464 --- [ptidss-server] [           main] c.p.s.mapper.SysUserMapper.updateById    : <==    Updates: 1
2026-08-23T22:48:30.514+08:00  INFO 20464 --- [ptidss-server] [           main] c.ptidss.auth.service.SysLoginService    : 初始化账号密码：manager01（默认密码，请首次登录后修改）
2026-08-23T22:48:30.929+08:00  INFO 20464 --- [ptidss-server] [           main] c.ptidss.model.spi.AlgorithmSpiRegistry  : 算法 SPI 执行器已注册：forecast（特征序列预测（96 点价格））
2026-08-23T22:48:30.930+08:00  INFO 20464 --- [ptidss-server] [           main] c.ptidss.model.spi.AlgorithmSpiRegistry  : 算法 SPI 执行器已注册：market_analysis（情报舆情情感加权分析）
2026-08-23T22:48:30.930+08:00  INFO 20464 --- [ptidss-server] [           main] c.ptidss.model.spi.AlgorithmSpiRegistry  : 算法 SPI 执行器已注册：optimize（混合整数规划联合优化）
2026-08-23T22:48:30.930+08:00  INFO 20464 --- [ptidss-server] [           main] c.ptidss.model.spi.AlgorithmSpiRegistry  : 算法 SPI 执行器已注册：quote_strategy（分段聚合报价策略）
2026-08-23T22:48:30.930+08:00  INFO 20464 --- [ptidss-server] [           main] c.ptidss.model.spi.AlgorithmSpiRegistry  : 算法 SPI 执行器已注册：review（复盘知识库四段式归纳）
2026-08-23T22:48:30.931+08:00  INFO 20464 --- [ptidss-server] [           main] c.ptidss.model.spi.AlgorithmSpiRegistry  : 算法 SPI 执行器已注册：risk_measure（蒙特卡洛 CVaR 风险度量）
2026-08-23T22:48:30.931+08:00  INFO 20464 --- [ptidss-server] [           main] c.ptidss.model.spi.AlgorithmSpiRegistry  : 算法 SPI 执行器已注册：rule_engine（合规规则引擎仲裁）
2026-08-23T22:48:30.931+08:00  INFO 20464 --- [ptidss-server] [           main] c.ptidss.model.spi.AlgorithmSpiRegistry  : 算法 SPI 执行器已注册：settlement（偏差考核结算测算）
2026-08-23T22:48:32.310+08:00  INFO 20464 --- [ptidss-server] [           main] b.m.s.MybatisPlusApplicationContextAware : Register ApplicationContext instances org.springframework.boot.web.servlet.context.AnnotationConfigServletWebServerApplicationContext@1d0d6318
2026-08-23T22:48:32.488+08:00  INFO 20464 --- [ptidss-server] [           main] o.s.b.w.embedded.tomcat.TomcatWebServer  : Tomcat started on port 9081 (http) with context path '/ptidss'
2026-08-23T22:48:32.506+08:00  INFO 20464 --- [ptidss-server] [           main] com.ptidss.PtidssApplication             : Started PtidssApplication in 6.585 seconds (process running for 7.117)
===============================================
  PTIDSS Server 启动成功: http://localhost:9080/ptidss
===============================================
2026-08-23T22:48:33.496+08:00  INFO 20464 --- [ptidss-server] [nio-9081-exec-1] o.a.c.c.C.[.[localhost].[/ptidss]        : Initializing Spring DispatcherServlet 'dispatcherServlet'
2026-08-23T22:48:33.496+08:00  INFO 20464 --- [ptidss-server] [nio-9081-exec-1] o.s.web.servlet.DispatcherServlet        : Initializing Servlet 'dispatcherServlet'
2026-08-23T22:48:33.498+08:00  INFO 20464 --- [ptidss-server] [nio-9081-exec-1] o.s.web.servlet.DispatcherServlet        : Completed initialization in 2 ms
2026-08-23T22:48:40.035+08:00 DEBUG 20464 --- [ptidss-server] [nio-9081-exec-2] c.p.s.m.SysUserMapper.selectWithCursor   : ==>  Preparing: SELECT id,username,display_name,password_hash,role_ids,org_code,phone,email,status,last_login_at,version,deleted,created_at,updated_at FROM sys_user WHERE deleted=false AND (username = ?)
2026-08-23T22:48:40.035+08:00 DEBUG 20464 --- [ptidss-server] [nio-9081-exec-2] c.p.s.m.SysUserMapper.selectWithCursor   : ==> Parameters: admin(String)
2026-08-23T22:48:40.040+08:00 DEBUG 20464 --- [ptidss-server] [nio-9081-exec-2] c.p.s.m.SysUserMapper.selectWithCursor   : <==      Total: 1
2026-08-23T22:48:40.129+08:00 DEBUG 20464 --- [ptidss-server] [nio-9081-exec-2] c.p.system.mapper.AuditLogMapper.insert  : ==>  Preparing: INSERT INTO audit_log ( id, trace_id, user_id, username, action, target_type, target_id, ip, user_agent, result, created_at ) VALUES ( ?, ?, ?, ?, ?, ?, ?, ?, ?, ?, ? )
2026-08-23T22:48:40.130+08:00 DEBUG 20464 --- [ptidss-server] [nio-9081-exec-2] c.p.system.mapper.AuditLogMapper.insert  : ==> Parameters: 217293972308103168(Long), c5af0eec78bb4737(String), 0(Long), admin(String), login(String), auth(String), LoginBody(username=admin, password=wrong-pass, captchaKey=null, (String), 127.0.0.1(String), curl/8.5.0(String), fail(String), 2026-08-23 22:48:40.125(Timestamp)
2026-08-23T22:48:40.134+08:00 DEBUG 20464 --- [ptidss-server] [nio-9081-exec-2] c.p.system.mapper.AuditLogMapper.insert  : <==    Updates: 1
2026-08-23T22:48:40.151+08:00 DEBUG 20464 --- [ptidss-server] [nio-9081-exec-4] c.p.s.m.SysUserMapper.selectWithCursor   : ==>  Preparing: SELECT id,username,display_name,password_hash,role_ids,org_code,phone,email,status,last_login_at,version,deleted,created_at,updated_at FROM sys_user WHERE deleted=false AND (username = ?)
2026-08-23T22:48:40.152+08:00 DEBUG 20464 --- [ptidss-server] [nio-9081-exec-4] c.p.s.m.SysUserMapper.selectWithCursor   : ==> Parameters: admin(String)
2026-08-23T22:48:40.153+08:00 DEBUG 20464 --- [ptidss-server] [nio-9081-exec-4] c.p.s.m.SysUserMapper.selectWithCursor   : <==      Total: 1
2026-08-23T22:48:40.234+08:00 DEBUG 20464 --- [ptidss-server] [nio-9081-exec-4] c.p.system.mapper.AuditLogMapper.insert  : ==>  Preparing: INSERT INTO audit_log ( id, trace_id, user_id, username, action, target_type, target_id, ip, user_agent, result, created_at ) VALUES ( ?, ?, ?, ?, ?, ?, ?, ?, ?, ?, ? )
2026-08-23T22:48:40.235+08:00 DEBUG 20464 --- [ptidss-server] [nio-9081-exec-4] c.p.system.mapper.AuditLogMapper.insert  : ==> Parameters: 217293972761088000(Long), 70f99a3f95ac4390(String), 0(Long), admin(String), login(String), auth(String), LoginBody(username=admin, password=wrong-pass, captchaKey=null, (String), 127.0.0.1(String), curl/8.5.0(String), fail(String), 2026-08-23 22:48:40.234(Timestamp)
2026-08-23T22:48:40.237+08:00 DEBUG 20464 --- [ptidss-server] [nio-9081-exec-4] c.p.system.mapper.AuditLogMapper.insert  : <==    Updates: 1
2026-08-23T22:48:40.250+08:00 DEBUG 20464 --- [ptidss-server] [nio-9081-exec-6] c.p.s.m.SysUserMapper.selectWithCursor   : ==>  Preparing: SELECT id,username,display_name,password_hash,role_ids,org_code,phone,email,status,last_login_at,version,deleted,created_at,updated_at FROM sys_user WHERE deleted=false AND (username = ?)
2026-08-23T22:48:40.250+08:00 DEBUG 20464 --- [ptidss-server] [nio-9081-exec-6] c.p.s.m.SysUserMapper.selectWithCursor   : ==> Parameters: admin(String)
2026-08-23T22:48:40.252+08:00 DEBUG 20464 --- [ptidss-server] [nio-9081-exec-6] c.p.s.m.SysUserMapper.selectWithCursor   : <==      Total: 1
2026-08-23T22:48:40.333+08:00 DEBUG 20464 --- [ptidss-server] [nio-9081-exec-6] c.p.system.mapper.AuditLogMapper.insert  : ==>  Preparing: INSERT INTO audit_log ( id, trace_id, user_id, username, action, target_type, target_id, ip, user_agent, result, created_at ) VALUES ( ?, ?, ?, ?, ?, ?, ?, ?, ?, ?, ? )
2026-08-23T22:48:40.334+08:00 DEBUG 20464 --- [ptidss-server] [nio-9081-exec-6] c.p.system.mapper.AuditLogMapper.insert  : ==> Parameters: 217293973176324096(Long), 858700559b3f41b8(String), 0(Long), admin(String), login(String), auth(String), LoginBody(username=admin, password=wrong-pass, captchaKey=null, (String), 127.0.0.1(String), curl/8.5.0(String), fail(String), 2026-08-23 22:48:40.332(Timestamp)
2026-08-23T22:48:40.336+08:00 DEBUG 20464 --- [ptidss-server] [nio-9081-exec-6] c.p.system.mapper.AuditLogMapper.insert  : <==    Updates: 1
2026-08-23T22:48:40.348+08:00 DEBUG 20464 --- [ptidss-server] [nio-9081-exec-8] c.p.s.m.SysUserMapper.selectWithCursor   : ==>  Preparing: SELECT id,username,display_name,password_hash,role_ids,org_code,phone,email,status,last_login_at,version,deleted,created_at,updated_at FROM sys_user WHERE deleted=false AND (username = ?)
2026-08-23T22:48:40.349+08:00 DEBUG 20464 --- [ptidss-server] [nio-9081-exec-8] c.p.s.m.SysUserMapper.selectWithCursor   : ==> Parameters: admin(String)
2026-08-23T22:48:40.350+08:00 DEBUG 20464 --- [ptidss-server] [nio-9081-exec-8] c.p.s.m.SysUserMapper.selectWithCursor   : <==      Total: 1
2026-08-23T22:48:40.431+08:00 DEBUG 20464 --- [ptidss-server] [nio-9081-exec-8] c.p.system.mapper.AuditLogMapper.insert  : ==>  Preparing: INSERT INTO audit_log ( id, trace_id, user_id, username, action, target_type, target_id, ip, user_agent, result, created_at ) VALUES ( ?, ?, ?, ?, ?, ?, ?, ?, ?, ?, ? )
2026-08-23T22:48:40.431+08:00 DEBUG 20464 --- [ptidss-server] [nio-9081-exec-8] c.p.system.mapper.AuditLogMapper.insert  : ==> Parameters: 217293973587365888(Long), 9ce5a6a3839b43f4(String), 0(Long), admin(String), login(String), auth(String), LoginBody(username=admin, password=wrong-pass, captchaKey=null, (String), 127.0.0.1(String), curl/8.5.0(String), fail(String), 2026-08-23 22:48:40.43(Timestamp)
2026-08-23T22:48:40.432+08:00 DEBUG 20464 --- [ptidss-server] [nio-9081-exec-8] c.p.system.mapper.AuditLogMapper.insert  : <==    Updates: 1
2026-08-23T22:48:40.444+08:00 DEBUG 20464 --- [ptidss-server] [io-9081-exec-10] c.p.s.m.SysUserMapper.selectWithCursor   : ==>  Preparing: SELECT id,username,display_name,password_hash,role_ids,org_code,phone,email,status,last_login_at,version,deleted,created_at,updated_at FROM sys_user WHERE deleted=false AND (username = ?)
2026-08-23T22:48:40.444+08:00 DEBUG 20464 --- [ptidss-server] [io-9081-exec-10] c.p.s.m.SysUserMapper.selectWithCursor   : ==> Parameters: admin(String)
2026-08-23T22:48:40.446+08:00 DEBUG 20464 --- [ptidss-server] [io-9081-exec-10] c.p.s.m.SysUserMapper.selectWithCursor   : <==      Total: 1
2026-08-23T22:48:40.525+08:00  WARN 20464 --- [ptidss-server] [io-9081-exec-10] c.ptidss.auth.service.SysLoginService    : 登录失败达到锁定阈值：username=admin, 连续失败=5/5, 锁定10分钟
2026-08-23T22:48:40.527+08:00 DEBUG 20464 --- [ptidss-server] [io-9081-exec-10] c.p.system.mapper.AuditLogMapper.insert  : ==>  Preparing: INSERT INTO audit_log ( id, trace_id, user_id, username, action, target_type, target_id, ip, user_agent, result, created_at ) VALUES ( ?, ?, ?, ?, ?, ?, ?, ?, ?, ?, ? )
2026-08-23T22:48:40.527+08:00 DEBUG 20464 --- [ptidss-server] [io-9081-exec-10] c.p.system.mapper.AuditLogMapper.insert  : ==> Parameters: 217293973990019072(Long), 059651eb9beb4cc5(String), 0(Long), admin(String), login(String), auth(String), LoginBody(username=admin, password=wrong-pass, captchaKey=null, (String), 127.0.0.1(String), curl/8.5.0(String), fail(String), 2026-08-23 22:48:40.526(Timestamp)
2026-08-23T22:48:40.530+08:00 DEBUG 20464 --- [ptidss-server] [io-9081-exec-10] c.p.system.mapper.AuditLogMapper.insert  : <==    Updates: 1
2026-08-23T22:48:40.541+08:00  WARN 20464 --- [ptidss-server] [nio-9081-exec-2] c.ptidss.auth.service.SysLoginService    : 账号临时锁定拒绝登录：username=admin, 连续失败=5
2026-08-23T22:48:40.542+08:00 DEBUG 20464 --- [ptidss-server] [nio-9081-exec-2] c.p.system.mapper.AuditLogMapper.insert  : ==>  Preparing: INSERT INTO audit_log ( id, trace_id, user_id, username, action, target_type, target_id, ip, user_agent, result, created_at ) VALUES ( ?, ?, ?, ?, ?, ?, ?, ?, ?, ?, ? )
2026-08-23T22:48:40.542+08:00 DEBUG 20464 --- [ptidss-server] [nio-9081-exec-2] c.p.system.mapper.AuditLogMapper.insert  : ==> Parameters: 217293974052933632(Long), 9777b45f78234838(String), 0(Long), admin(String), login(String), auth(String), LoginBody(username=admin, password=wrong-pass, captchaKey=null, (String), 127.0.0.1(String), curl/8.5.0(String), fail(String), 2026-08-23 22:48:40.541(Timestamp)
2026-08-23T22:48:40.544+08:00 DEBUG 20464 --- [ptidss-server] [nio-9081-exec-2] c.p.system.mapper.AuditLogMapper.insert  : <==    Updates: 1
2026-08-23T22:48:40.555+08:00  WARN 20464 --- [ptidss-server] [nio-9081-exec-4] c.ptidss.auth.service.SysLoginService    : 账号临时锁定拒绝登录：username=admin, 连续失败=5
2026-08-23T22:48:40.556+08:00 DEBUG 20464 --- [ptidss-server] [nio-9081-exec-4] c.p.system.mapper.AuditLogMapper.insert  : ==>  Preparing: INSERT INTO audit_log ( id, trace_id, user_id, username, action, target_type, target_id, ip, user_agent, result, created_at ) VALUES ( ?, ?, ?, ?, ?, ?, ?, ?, ?, ?, ? )
2026-08-23T22:48:40.557+08:00 DEBUG 20464 --- [ptidss-server] [nio-9081-exec-4] c.p.system.mapper.AuditLogMapper.insert  : ==> Parameters: 217293974115848192(Long), b462fe92c5644225(String), 0(Long), admin(String), login(String), auth(String), LoginBody(username=admin, password=Ptidss@2026, captchaKey=null,(String), 127.0.0.1(String), curl/8.5.0(String), fail(String), 2026-08-23 22:48:40.556(Timestamp)
2026-08-23T22:48:40.558+08:00 DEBUG 20464 --- [ptidss-server] [nio-9081-exec-4] c.p.system.mapper.AuditLogMapper.insert  : <==    Updates: 1
2026-08-23T22:48:42.542+08:00  INFO 20464 --- [ptidss-server] [   scheduling-1] com.ptidss.intel.service.IntelService    : 情报推送执行完成：匹配情报 0 条，派发消息 0 条，触发决策会话情报重评 0 个
2026-08-23T22:48:52.804+08:00 DEBUG 20464 --- [ptidss-server] [io-9081-exec-10] c.p.s.m.SysUserMapper.selectWithCursor   : ==>  Preparing: SELECT id,username,display_name,password_hash,role_ids,org_code,phone,email,status,last_login_at,version,deleted,created_at,updated_at FROM sys_user WHERE deleted=false AND (username = ?)
2026-08-23T22:48:52.804+08:00 DEBUG 20464 --- [ptidss-server] [io-9081-exec-10] c.p.s.m.SysUserMapper.selectWithCursor   : ==> Parameters: trader01(String)
2026-08-23T22:48:52.807+08:00 DEBUG 20464 --- [ptidss-server] [io-9081-exec-10] c.p.s.m.SysUserMapper.selectWithCursor   : <==      Total: 1
2026-08-23T22:48:52.892+08:00 DEBUG 20464 --- [ptidss-server] [io-9081-exec-10] c.p.s.mapper.SysRoleMapper.selectByIds   : ==>  Preparing: SELECT id,role_code,role_name,description,status,version,deleted,created_at,updated_at FROM sys_role WHERE id IN ( ? , ? ) AND deleted=false
2026-08-23T22:48:52.892+08:00 DEBUG 20464 --- [ptidss-server] [io-9081-exec-10] c.p.s.mapper.SysRoleMapper.selectByIds   : ==> Parameters: 1(Long), 7(Long)
2026-08-23T22:48:52.896+08:00 DEBUG 20464 --- [ptidss-server] [io-9081-exec-10] c.p.s.mapper.SysRoleMapper.selectByIds   : <==      Total: 2
2026-08-23T22:48:52.898+08:00 DEBUG 20464 --- [ptidss-server] [io-9081-exec-10] c.p.s.m.SysPermissionMapper.selectList   : ==>  Preparing: SELECT id,perm_code,perm_name,resource_type,resource_pattern,status,version,deleted,created_at,updated_at FROM sys_permission WHERE deleted=false AND (status = ? AND EXISTS (SELECT 1 FROM sys_role_permission rp WHERE rp.permission_id = sys_permission.id AND rp.role_id = ?))
2026-08-23T22:48:52.898+08:00 DEBUG 20464 --- [ptidss-server] [io-9081-exec-10] c.p.s.m.SysPermissionMapper.selectList   : ==> Parameters: active(String), 1(Long)
2026-08-23T22:48:52.903+08:00 DEBUG 20464 --- [ptidss-server] [io-9081-exec-10] c.p.s.m.SysPermissionMapper.selectList   : <==      Total: 9
2026-08-23T22:48:52.904+08:00 DEBUG 20464 --- [ptidss-server] [io-9081-exec-10] c.p.s.m.SysPermissionMapper.selectList   : ==>  Preparing: SELECT id,perm_code,perm_name,resource_type,resource_pattern,status,version,deleted,created_at,updated_at FROM sys_permission WHERE deleted=false AND (status = ? AND EXISTS (SELECT 1 FROM sys_role_permission rp WHERE rp.permission_id = sys_permission.id AND rp.role_id = ?))
2026-08-23T22:48:52.904+08:00 DEBUG 20464 --- [ptidss-server] [io-9081-exec-10] c.p.s.m.SysPermissionMapper.selectList   : ==> Parameters: active(String), 7(Long)
2026-08-23T22:48:52.906+08:00 DEBUG 20464 --- [ptidss-server] [io-9081-exec-10] c.p.s.m.SysPermissionMapper.selectList   : <==      Total: 5
2026-08-23T22:48:52.907+08:00 DEBUG 20464 --- [ptidss-server] [io-9081-exec-10] c.p.s.m.SysUserRegionMapper.selectList   : ==>  Preparing: SELECT user_id,region_code FROM sys_user_region WHERE (user_id = ?)
2026-08-23T22:48:52.908+08:00 DEBUG 20464 --- [ptidss-server] [io-9081-exec-10] c.p.s.m.SysUserRegionMapper.selectList   : ==> Parameters: 2(Long)
2026-08-23T22:48:52.909+08:00 DEBUG 20464 --- [ptidss-server] [io-9081-exec-10] c.p.s.m.SysUserRegionMapper.selectList   : <==      Total: 1
2026-08-23T22:48:52.911+08:00 DEBUG 20464 --- [ptidss-server] [io-9081-exec-10] c.p.s.m.SysRoleRegionMapper.selectList   : ==>  Preparing: SELECT role_id,region_code FROM sys_role_region WHERE (role_id = ?)
2026-08-23T22:48:52.911+08:00 DEBUG 20464 --- [ptidss-server] [io-9081-exec-10] c.p.s.m.SysRoleRegionMapper.selectList   : ==> Parameters: 1(Long)
2026-08-23T22:48:52.912+08:00 DEBUG 20464 --- [ptidss-server] [io-9081-exec-10] c.p.s.m.SysRoleRegionMapper.selectList   : <==      Total: 0
2026-08-23T22:48:52.914+08:00 DEBUG 20464 --- [ptidss-server] [io-9081-exec-10] c.p.s.m.SysRoleRegionMapper.selectList   : ==>  Preparing: SELECT role_id,region_code FROM sys_role_region WHERE (role_id = ?)
2026-08-23T22:48:52.914+08:00 DEBUG 20464 --- [ptidss-server] [io-9081-exec-10] c.p.s.m.SysRoleRegionMapper.selectList   : ==> Parameters: 7(Long)
2026-08-23T22:48:52.915+08:00 DEBUG 20464 --- [ptidss-server] [io-9081-exec-10] c.p.s.m.SysRoleRegionMapper.selectList   : <==      Total: 0
2026-08-23T22:48:52.917+08:00 DEBUG 20464 --- [ptidss-server] [io-9081-exec-10] c.p.s.m.S.selectWithCursor               : ==>  Preparing: SELECT id,region_code,region_name,market_support,exchange_channel,settlement_period,status,launch_order,version,deleted,created_at,updated_at FROM sys_region WHERE deleted=false AND (region_code = ? AND status = ?)
2026-08-23T22:48:52.918+08:00 DEBUG 20464 --- [ptidss-server] [io-9081-exec-10] c.p.s.m.S.selectWithCursor               : ==> Parameters: CN-32(String), enabled(String)
2026-08-23T22:48:52.921+08:00 DEBUG 20464 --- [ptidss-server] [io-9081-exec-10] c.p.s.m.S.selectWithCursor               : <==      Total: 1
2026-08-23T22:48:53.000+08:00 DEBUG 20464 --- [ptidss-server] [io-9081-exec-10] c.p.s.mapper.SysUserMapper.updateById    : ==>  Preparing: UPDATE sys_user SET last_login_at=?, updated_at=? WHERE id=? AND deleted=false
2026-08-23T22:48:53.000+08:00 DEBUG 20464 --- [ptidss-server] [io-9081-exec-10] c.p.s.mapper.SysUserMapper.updateById    : ==> Parameters: 2026-08-23 22:48:52.999(Timestamp), 2026-08-23 22:48:53.0(Timestamp), 2(Long)
2026-08-23T22:48:53.003+08:00 DEBUG 20464 --- [ptidss-server] [io-9081-exec-10] c.p.s.mapper.SysUserMapper.updateById    : <==    Updates: 1
2026-08-23T22:48:53.005+08:00 DEBUG 20464 --- [ptidss-server] [io-9081-exec-10] c.p.system.mapper.AuditLogMapper.insert  : ==>  Preparing: INSERT INTO audit_log ( id, trace_id, user_id, username, action, target_type, target_id, ip, user_agent, result, created_at ) VALUES ( ?, ?, ?, ?, ?, ?, ?, ?, ?, ?, ? )
2026-08-23T22:48:53.005+08:00 DEBUG 20464 --- [ptidss-server] [io-9081-exec-10] c.p.system.mapper.AuditLogMapper.insert  : ==> Parameters: 217294026326544384(Long), f3d85f740d864b3f(String), 0(Long), trader01(String), login(String), auth(String), LoginBody(username=trader01, password=Ptidss@2026, captchaKey=nu(String), 127.0.0.1(String), curl/8.5.0(String), success(String), 2026-08-23 22:48:53.005(Timestamp)
2026-08-23T22:48:53.007+08:00 DEBUG 20464 --- [ptidss-server] [io-9081-exec-10] c.p.system.mapper.AuditLogMapper.insert  : <==    Updates: 1
2026-08-23T22:49:01.907+08:00 DEBUG 20464 --- [ptidss-server] [nio-9081-exec-2] c.p.s.m.SysUserMapper.selectWithCursor   : ==>  Preparing: SELECT id,username,display_name,password_hash,role_ids,org_code,phone,email,status,last_login_at,version,deleted,created_at,updated_at FROM sys_user WHERE deleted=false AND (username = ?)
2026-08-23T22:49:01.907+08:00 DEBUG 20464 --- [ptidss-server] [nio-9081-exec-2] c.p.s.m.SysUserMapper.selectWithCursor   : ==> Parameters: trader01(String)
2026-08-23T22:49:01.909+08:00 DEBUG 20464 --- [ptidss-server] [nio-9081-exec-2] c.p.s.m.SysUserMapper.selectWithCursor   : <==      Total: 1
2026-08-23T22:49:01.993+08:00 DEBUG 20464 --- [ptidss-server] [nio-9081-exec-2] c.p.s.mapper.SysRoleMapper.selectByIds   : ==>  Preparing: SELECT id,role_code,role_name,description,status,version,deleted,created_at,updated_at FROM sys_role WHERE id IN ( ? , ? ) AND deleted=false
2026-08-23T22:49:01.994+08:00 DEBUG 20464 --- [ptidss-server] [nio-9081-exec-2] c.p.s.mapper.SysRoleMapper.selectByIds   : ==> Parameters: 1(Long), 7(Long)
2026-08-23T22:49:01.995+08:00 DEBUG 20464 --- [ptidss-server] [nio-9081-exec-2] c.p.s.mapper.SysRoleMapper.selectByIds   : <==      Total: 2
2026-08-23T22:49:01.996+08:00 DEBUG 20464 --- [ptidss-server] [nio-9081-exec-2] c.p.s.m.SysPermissionMapper.selectList   : ==>  Preparing: SELECT id,perm_code,perm_name,resource_type,resource_pattern,status,version,deleted,created_at,updated_at FROM sys_permission WHERE deleted=false AND (status = ? AND EXISTS (SELECT 1 FROM sys_role_permission rp WHERE rp.permission_id = sys_permission.id AND rp.role_id = ?))
2026-08-23T22:49:01.997+08:00 DEBUG 20464 --- [ptidss-server] [nio-9081-exec-2] c.p.s.m.SysPermissionMapper.selectList   : ==> Parameters: active(String), 1(Long)
2026-08-23T22:49:01.999+08:00 DEBUG 20464 --- [ptidss-server] [nio-9081-exec-2] c.p.s.m.SysPermissionMapper.selectList   : <==      Total: 9
2026-08-23T22:49:02.000+08:00 DEBUG 20464 --- [ptidss-server] [nio-9081-exec-2] c.p.s.m.SysPermissionMapper.selectList   : ==>  Preparing: SELECT id,perm_code,perm_name,resource_type,resource_pattern,status,version,deleted,created_at,updated_at FROM sys_permission WHERE deleted=false AND (status = ? AND EXISTS (SELECT 1 FROM sys_role_permission rp WHERE rp.permission_id = sys_permission.id AND rp.role_id = ?))
2026-08-23T22:49:02.001+08:00 DEBUG 20464 --- [ptidss-server] [nio-9081-exec-2] c.p.s.m.SysPermissionMapper.selectList   : ==> Parameters: active(String), 7(Long)
2026-08-23T22:49:02.003+08:00 DEBUG 20464 --- [ptidss-server] [nio-9081-exec-2] c.p.s.m.SysPermissionMapper.selectList   : <==      Total: 5
2026-08-23T22:49:02.004+08:00 DEBUG 20464 --- [ptidss-server] [nio-9081-exec-2] c.p.s.m.SysUserRegionMapper.selectList   : ==>  Preparing: SELECT user_id,region_code FROM sys_user_region WHERE (user_id = ?)
2026-08-23T22:49:02.004+08:00 DEBUG 20464 --- [ptidss-server] [nio-9081-exec-2] c.p.s.m.SysUserRegionMapper.selectList   : ==> Parameters: 2(Long)
2026-08-23T22:49:02.005+08:00 DEBUG 20464 --- [ptidss-server] [nio-9081-exec-2] c.p.s.m.SysUserRegionMapper.selectList   : <==      Total: 1
2026-08-23T22:49:02.006+08:00 DEBUG 20464 --- [ptidss-server] [nio-9081-exec-2] c.p.s.m.SysRoleRegionMapper.selectList   : ==>  Preparing: SELECT role_id,region_code FROM sys_role_region WHERE (role_id = ?)
2026-08-23T22:49:02.006+08:00 DEBUG 20464 --- [ptidss-server] [nio-9081-exec-2] c.p.s.m.SysRoleRegionMapper.selectList   : ==> Parameters: 1(Long)
2026-08-23T22:49:02.007+08:00 DEBUG 20464 --- [ptidss-server] [nio-9081-exec-2] c.p.s.m.SysRoleRegionMapper.selectList   : <==      Total: 0
2026-08-23T22:49:02.008+08:00 DEBUG 20464 --- [ptidss-server] [nio-9081-exec-2] c.p.s.m.SysRoleRegionMapper.selectList   : ==>  Preparing: SELECT role_id,region_code FROM sys_role_region WHERE (role_id = ?)
2026-08-23T22:49:02.008+08:00 DEBUG 20464 --- [ptidss-server] [nio-9081-exec-2] c.p.s.m.SysRoleRegionMapper.selectList   : ==> Parameters: 7(Long)
2026-08-23T22:49:02.009+08:00 DEBUG 20464 --- [ptidss-server] [nio-9081-exec-2] c.p.s.m.SysRoleRegionMapper.selectList   : <==      Total: 0
2026-08-23T22:49:02.011+08:00 DEBUG 20464 --- [ptidss-server] [nio-9081-exec-2] c.p.s.m.S.selectWithCursor               : ==>  Preparing: SELECT id,region_code,region_name,market_support,exchange_channel,settlement_period,status,launch_order,version,deleted,created_at,updated_at FROM sys_region WHERE deleted=false AND (region_code = ? AND status = ?)
2026-08-23T22:49:02.011+08:00 DEBUG 20464 --- [ptidss-server] [nio-9081-exec-2] c.p.s.m.S.selectWithCursor               : ==> Parameters: CN-32(String), enabled(String)
2026-08-23T22:49:02.012+08:00 DEBUG 20464 --- [ptidss-server] [nio-9081-exec-2] c.p.s.m.S.selectWithCursor               : <==      Total: 1
2026-08-23T22:49:02.014+08:00 DEBUG 20464 --- [ptidss-server] [nio-9081-exec-2] c.p.s.mapper.SysUserMapper.updateById    : ==>  Preparing: UPDATE sys_user SET last_login_at=?, updated_at=? WHERE id=? AND deleted=false
2026-08-23T22:49:02.014+08:00 DEBUG 20464 --- [ptidss-server] [nio-9081-exec-2] c.p.s.mapper.SysUserMapper.updateById    : ==> Parameters: 2026-08-23 22:49:02.013(Timestamp), 2026-08-23 22:49:02.014(Timestamp), 2(Long)
2026-08-23T22:49:02.017+08:00 DEBUG 20464 --- [ptidss-server] [nio-9081-exec-2] c.p.s.mapper.SysUserMapper.updateById    : <==    Updates: 1
2026-08-23T22:49:02.018+08:00 DEBUG 20464 --- [ptidss-server] [nio-9081-exec-2] c.p.system.mapper.AuditLogMapper.insert  : ==>  Preparing: INSERT INTO audit_log ( id, trace_id, user_id, username, action, target_type, target_id, ip, user_agent, result, created_at ) VALUES ( ?, ?, ?, ?, ?, ?, ?, ?, ?, ?, ? )
2026-08-23T22:49:02.018+08:00 DEBUG 20464 --- [ptidss-server] [nio-9081-exec-2] c.p.system.mapper.AuditLogMapper.insert  : ==> Parameters: 217294064134000640(Long), 4dcf41cff1f5424b(String), 0(Long), trader01(String), login(String), auth(String), LoginBody(username=trader01, password=Ptidss@2026, captchaKey=nu(String), 127.0.0.1(String), curl/8.5.0(String), success(String), 2026-08-23 22:49:02.018(Timestamp)
2026-08-23T22:49:02.020+08:00 DEBUG 20464 --- [ptidss-server] [nio-9081-exec-2] c.p.system.mapper.AuditLogMapper.insert  : <==    Updates: 1
2026-08-23T22:49:02.085+08:00 ERROR 20464 --- [ptidss-server] [nio-9081-exec-6] c.p.c.exception.GlobalExceptionHandler   : 系统异常：GET /ptidss/market/overview

org.springframework.web.servlet.resource.NoResourceFoundException: No static resource market/overview.
	at org.springframework.web.servlet.resource.ResourceHttpRequestHandler.handleRequest(ResourceHttpRequestHandler.java:585) ~[spring-webmvc-6.2.19.jar!/:6.2.19]
	at org.springframework.web.servlet.mvc.HttpRequestHandlerAdapter.handle(HttpRequestHandlerAdapter.java:52) ~[spring-webmvc-6.2.19.jar!/:6.2.19]
	at org.springframework.web.servlet.DispatcherServlet.doDispatch(DispatcherServlet.java:1089) ~[spring-webmvc-6.2.19.jar!/:6.2.19]
	at org.springframework.web.servlet.DispatcherServlet.doService(DispatcherServlet.java:979) ~[spring-webmvc-6.2.19.jar!/:6.2.19]
	at org.springframework.web.servlet.FrameworkServlet.processRequest(FrameworkServlet.java:1014) ~[spring-webmvc-6.2.19.jar!/:6.2.19]
	at org.springframework.web.servlet.FrameworkServlet.doGet(FrameworkServlet.java:903) ~[spring-webmvc-6.2.19.jar!/:6.2.19]
	at jakarta.servlet.http.HttpServlet.service(HttpServlet.java:564) ~[tomcat-embed-core-10.1.55.jar!/:na]
	at org.springframework.web.servlet.FrameworkServlet.service(FrameworkServlet.java:885) ~[spring-webmvc-6.2.19.jar!/:6.2.19]
	at jakarta.servlet.http.HttpServlet.service(HttpServlet.java:658) ~[tomcat-embed-core-10.1.55.jar!/:na]
	at org.apache.catalina.core.ApplicationFilterChain.internalDoFilter(ApplicationFilterChain.java:193) ~[tomcat-embed-core-10.1.55.jar!/:na]
	at org.apache.catalina.core.ApplicationFilterChain.doFilter(ApplicationFilterChain.java:138) ~[tomcat-embed-core-10.1.55.jar!/:na]
	at org.apache.tomcat.websocket.server.WsFilter.doFilter(WsFilter.java:51) ~[tomcat-embed-websocket-10.1.55.jar!/:na]
	at org.apache.catalina.core.ApplicationFilterChain.internalDoFilter(ApplicationFilterChain.java:162) ~[tomcat-embed-core-10.1.55.jar!/:na]
	at org.apache.catalina.core.ApplicationFilterChain.doFilter(ApplicationFilterChain.java:138) ~[tomcat-embed-core-10.1.55.jar!/:na]
	at org.springframework.web.filter.RequestContextFilter.doFilterInternal(RequestContextFilter.java:100) ~[spring-web-6.2.19.jar!/:6.2.19]
	at org.springframework.web.filter.OncePerRequestFilter.doFilter(OncePerRequestFilter.java:116) ~[spring-web-6.2.19.jar!/:6.2.19]
	at org.apache.catalina.core.ApplicationFilterChain.internalDoFilter(ApplicationFilterChain.java:162) ~[tomcat-embed-core-10.1.55.jar!/:na]
	at org.apache.catalina.core.ApplicationFilterChain.doFilter(ApplicationFilterChain.java:138) ~[tomcat-embed-core-10.1.55.jar!/:na]
	at org.springframework.web.filter.FormContentFilter.doFilterInternal(FormContentFilter.java:93) ~[spring-web-6.2.19.jar!/:6.2.19]
	at org.springframework.web.filter.OncePerRequestFilter.doFilter(OncePerRequestFilter.java:116) ~[spring-web-6.2.19.jar!/:6.2.19]
	at org.apache.catalina.core.ApplicationFilterChain.internalDoFilter(ApplicationFilterChain.java:162) ~[tomcat-embed-core-10.1.55.jar!/:na]
	at org.apache.catalina.core.ApplicationFilterChain.doFilter(ApplicationFilterChain.java:138) ~[tomcat-embed-core-10.1.55.jar!/:na]
	at org.springframework.web.filter.CharacterEncodingFilter.doFilterInternal(CharacterEncodingFilter.java:201) ~[spring-web-6.2.19.jar!/:6.2.19]
	at org.springframework.web.filter.OncePerRequestFilter.doFilter(OncePerRequestFilter.java:116) ~[spring-web-6.2.19.jar!/:6.2.19]
	at org.apache.catalina.core.ApplicationFilterChain.internalDoFilter(ApplicationFilterChain.java:162) ~[tomcat-embed-core-10.1.55.jar!/:na]
	at org.apache.catalina.core.ApplicationFilterChain.doFilter(ApplicationFilterChain.java:138) ~[tomcat-embed-core-10.1.55.jar!/:na]
	at org.apache.catalina.core.StandardWrapperValve.invoke(StandardWrapperValve.java:165) ~[tomcat-embed-core-10.1.55.jar!/:na]
	at org.apache.catalina.core.StandardContextValve.invoke(StandardContextValve.java:88) ~[tomcat-embed-core-10.1.55.jar!/:na]
	at org.apache.catalina.authenticator.AuthenticatorBase.invoke(AuthenticatorBase.java:492) ~[tomcat-embed-core-10.1.55.jar!/:na]
	at org.apache.catalina.core.StandardHostValve.invoke(StandardHostValve.java:113) ~[tomcat-embed-core-10.1.55.jar!/:na]
	at org.apache.catalina.valves.ErrorReportValve.invoke(ErrorReportValve.java:83) ~[tomcat-embed-core-10.1.55.jar!/:na]
	at org.apache.catalina.core.StandardEngineValve.invoke(StandardEngineValve.java:72) ~[tomcat-embed-core-10.1.55.jar!/:na]
	at org.apache.catalina.connector.CoyoteAdapter.service(CoyoteAdapter.java:342) ~[tomcat-embed-core-10.1.55.jar!/:na]
	at org.apache.coyote.http11.Http11Processor.service(Http11Processor.java:399) ~[tomcat-embed-core-10.1.55.jar!/:na]
	at org.apache.coyote.AbstractProcessorLight.process(AbstractProcessorLight.java:63) ~[tomcat-embed-core-10.1.55.jar!/:na]
	at org.apache.coyote.AbstractProtocol$ConnectionHandler.process(AbstractProtocol.java:1272) ~[tomcat-embed-core-10.1.55.jar!/:na]
	at org.apache.tomcat.util.net.NioEndpoint$SocketProcessor.doRun(NioEndpoint.java:1797) ~[tomcat-embed-core-10.1.55.jar!/:na]
	at org.apache.tomcat.util.net.SocketProcessorBase.run(SocketProcessorBase.java:52) ~[tomcat-embed-core-10.1.55.jar!/:na]
	at org.apache.tomcat.util.threads.ThreadPoolExecutor.runWorker(ThreadPoolExecutor.java:973) ~[tomcat-embed-core-10.1.55.jar!/:na]
	at org.apache.tomcat.util.threads.ThreadPoolExecutor$Worker.run(ThreadPoolExecutor.java:491) ~[tomcat-embed-core-10.1.55.jar!/:na]
	at org.apache.tomcat.util.threads.TaskThread$WrappingRunnable.run(TaskThread.java:63) ~[tomcat-embed-core-10.1.55.jar!/:na]
	at java.base/java.lang.Thread.run(Thread.java:1583) ~[na:na]

2026-08-23T22:49:02.101+08:00 DEBUG 20464 --- [ptidss-server] [nio-9081-exec-8] c.p.s.m.SysUserMapper.selectWithCursor   : ==>  Preparing: SELECT id,username,display_name,password_hash,role_ids,org_code,phone,email,status,last_login_at,version,deleted,created_at,updated_at FROM sys_user WHERE deleted=false AND (username = ?)
2026-08-23T22:49:02.102+08:00 DEBUG 20464 --- [ptidss-server] [nio-9081-exec-8] c.p.s.m.SysUserMapper.selectWithCursor   : ==> Parameters: trader01(String)
2026-08-23T22:49:02.103+08:00 DEBUG 20464 --- [ptidss-server] [nio-9081-exec-8] c.p.s.m.SysUserMapper.selectWithCursor   : <==      Total: 1
2026-08-23T22:49:02.185+08:00 DEBUG 20464 --- [ptidss-server] [nio-9081-exec-8] c.p.s.mapper.SysRoleMapper.selectByIds   : ==>  Preparing: SELECT id,role_code,role_name,description,status,version,deleted,created_at,updated_at FROM sys_role WHERE id IN ( ? , ? ) AND deleted=false
2026-08-23T22:49:02.186+08:00 DEBUG 20464 --- [ptidss-server] [nio-9081-exec-8] c.p.s.mapper.SysRoleMapper.selectByIds   : ==> Parameters: 1(Long), 7(Long)
2026-08-23T22:49:02.187+08:00 DEBUG 20464 --- [ptidss-server] [nio-9081-exec-8] c.p.s.mapper.SysRoleMapper.selectByIds   : <==      Total: 2
2026-08-23T22:49:02.188+08:00 DEBUG 20464 --- [ptidss-server] [nio-9081-exec-8] c.p.s.m.SysPermissionMapper.selectList   : ==>  Preparing: SELECT id,perm_code,perm_name,resource_type,resource_pattern,status,version,deleted,created_at,updated_at FROM sys_permission WHERE deleted=false AND (status = ? AND EXISTS (SELECT 1 FROM sys_role_permission rp WHERE rp.permission_id = sys_permission.id AND rp.role_id = ?))
2026-08-23T22:49:02.188+08:00 DEBUG 20464 --- [ptidss-server] [nio-9081-exec-8] c.p.s.m.SysPermissionMapper.selectList   : ==> Parameters: active(String), 1(Long)
2026-08-23T22:49:02.191+08:00 DEBUG 20464 --- [ptidss-server] [nio-9081-exec-8] c.p.s.m.SysPermissionMapper.selectList   : <==      Total: 9
2026-08-23T22:49:02.192+08:00 DEBUG 20464 --- [ptidss-server] [nio-9081-exec-8] c.p.s.m.SysPermissionMapper.selectList   : ==>  Preparing: SELECT id,perm_code,perm_name,resource_type,resource_pattern,status,version,deleted,created_at,updated_at FROM sys_permission WHERE deleted=false AND (status = ? AND EXISTS (SELECT 1 FROM sys_role_permission rp WHERE rp.permission_id = sys_permission.id AND rp.role_id = ?))
2026-08-23T22:49:02.192+08:00 DEBUG 20464 --- [ptidss-server] [nio-9081-exec-8] c.p.s.m.SysPermissionMapper.selectList   : ==> Parameters: active(String), 7(Long)
2026-08-23T22:49:02.194+08:00 DEBUG 20464 --- [ptidss-server] [nio-9081-exec-8] c.p.s.m.SysPermissionMapper.selectList   : <==      Total: 5
2026-08-23T22:49:02.195+08:00 DEBUG 20464 --- [ptidss-server] [nio-9081-exec-8] c.p.s.m.SysUserRegionMapper.selectList   : ==>  Preparing: SELECT user_id,region_code FROM sys_user_region WHERE (user_id = ?)
2026-08-23T22:49:02.195+08:00 DEBUG 20464 --- [ptidss-server] [nio-9081-exec-8] c.p.s.m.SysUserRegionMapper.selectList   : ==> Parameters: 2(Long)
2026-08-23T22:49:02.196+08:00 DEBUG 20464 --- [ptidss-server] [nio-9081-exec-8] c.p.s.m.SysUserRegionMapper.selectList   : <==      Total: 1
2026-08-23T22:49:02.197+08:00 DEBUG 20464 --- [ptidss-server] [nio-9081-exec-8] c.p.s.m.SysRoleRegionMapper.selectList   : ==>  Preparing: SELECT role_id,region_code FROM sys_role_region WHERE (role_id = ?)
2026-08-23T22:49:02.197+08:00 DEBUG 20464 --- [ptidss-server] [nio-9081-exec-8] c.p.s.m.SysRoleRegionMapper.selectList   : ==> Parameters: 1(Long)
2026-08-23T22:49:02.198+08:00 DEBUG 20464 --- [ptidss-server] [nio-9081-exec-8] c.p.s.m.SysRoleRegionMapper.selectList   : <==      Total: 0
2026-08-23T22:49:02.198+08:00 DEBUG 20464 --- [ptidss-server] [nio-9081-exec-8] c.p.s.m.SysRoleRegionMapper.selectList   : ==>  Preparing: SELECT role_id,region_code FROM sys_role_region WHERE (role_id = ?)
2026-08-23T22:49:02.199+08:00 DEBUG 20464 --- [ptidss-server] [nio-9081-exec-8] c.p.s.m.SysRoleRegionMapper.selectList   : ==> Parameters: 7(Long)
2026-08-23T22:49:02.199+08:00 DEBUG 20464 --- [ptidss-server] [nio-9081-exec-8] c.p.s.m.SysRoleRegionMapper.selectList   : <==      Total: 0
2026-08-23T22:49:02.200+08:00 DEBUG 20464 --- [ptidss-server] [nio-9081-exec-8] c.p.s.m.S.selectWithCursor               : ==>  Preparing: SELECT id,region_code,region_name,market_support,exchange_channel,settlement_period,status,launch_order,version,deleted,created_at,updated_at FROM sys_region WHERE deleted=false AND (region_code = ? AND status = ?)
2026-08-23T22:49:02.201+08:00 DEBUG 20464 --- [ptidss-server] [nio-9081-exec-8] c.p.s.m.S.selectWithCursor               : ==> Parameters: CN-32(String), enabled(String)
2026-08-23T22:49:02.202+08:00 DEBUG 20464 --- [ptidss-server] [nio-9081-exec-8] c.p.s.m.S.selectWithCursor               : <==      Total: 1
2026-08-23T22:49:02.203+08:00 DEBUG 20464 --- [ptidss-server] [nio-9081-exec-8] c.p.s.mapper.SysUserMapper.updateById    : ==>  Preparing: UPDATE sys_user SET last_login_at=?, updated_at=? WHERE id=? AND deleted=false
2026-08-23T22:49:02.203+08:00 DEBUG 20464 --- [ptidss-server] [nio-9081-exec-8] c.p.s.mapper.SysUserMapper.updateById    : ==> Parameters: 2026-08-23 22:49:02.203(Timestamp), 2026-08-23 22:49:02.203(Timestamp), 2(Long)
2026-08-23T22:49:02.205+08:00 DEBUG 20464 --- [ptidss-server] [nio-9081-exec-8] c.p.s.mapper.SysUserMapper.updateById    : <==    Updates: 1
2026-08-23T22:49:02.206+08:00 DEBUG 20464 --- [ptidss-server] [nio-9081-exec-8] c.p.system.mapper.AuditLogMapper.insert  : ==>  Preparing: INSERT INTO audit_log ( id, trace_id, user_id, username, action, target_type, target_id, ip, user_agent, result, created_at ) VALUES ( ?, ?, ?, ?, ?, ?, ?, ?, ?, ?, ? )
2026-08-23T22:49:02.206+08:00 DEBUG 20464 --- [ptidss-server] [nio-9081-exec-8] c.p.system.mapper.AuditLogMapper.insert  : ==> Parameters: 217294064918335488(Long), b9ae306d450142f9(String), 0(Long), trader01(String), login(String), auth(String), LoginBody(username=trader01, password=Ptidss@2026, captchaKey=nu(String), 127.0.0.1(String), curl/8.5.0(String), success(String), 2026-08-23 22:49:02.206(Timestamp)
2026-08-23T22:49:02.208+08:00 DEBUG 20464 --- [ptidss-server] [nio-9081-exec-8] c.p.system.mapper.AuditLogMapper.insert  : <==    Updates: 1
2026-08-23T22:49:02.228+08:00 ERROR 20464 --- [ptidss-server] [nio-9081-exec-9] c.p.c.exception.GlobalExceptionHandler   : 系统异常：GET /ptidss/market/overview

org.springframework.web.servlet.resource.NoResourceFoundException: No static resource market/overview.
	at org.springframework.web.servlet.resource.ResourceHttpRequestHandler.handleRequest(ResourceHttpRequestHandler.java:585) ~[spring-webmvc-6.2.19.jar!/:6.2.19]
	at org.springframework.web.servlet.mvc.HttpRequestHandlerAdapter.handle(HttpRequestHandlerAdapter.java:52) ~[spring-webmvc-6.2.19.jar!/:6.2.19]
	at org.springframework.web.servlet.DispatcherServlet.doDispatch(DispatcherServlet.java:1089) ~[spring-webmvc-6.2.19.jar!/:6.2.19]
	at org.springframework.web.servlet.DispatcherServlet.doService(DispatcherServlet.java:979) ~[spring-webmvc-6.2.19.jar!/:6.2.19]
	at org.springframework.web.servlet.FrameworkServlet.processRequest(FrameworkServlet.java:1014) ~[spring-webmvc-6.2.19.jar!/:6.2.19]
	at org.springframework.web.servlet.FrameworkServlet.doGet(FrameworkServlet.java:903) ~[spring-webmvc-6.2.19.jar!/:6.2.19]
	at jakarta.servlet.http.HttpServlet.service(HttpServlet.java:564) ~[tomcat-embed-core-10.1.55.jar!/:na]
	at org.springframework.web.servlet.FrameworkServlet.service(FrameworkServlet.java:885) ~[spring-webmvc-6.2.19.jar!/:6.2.19]
	at jakarta.servlet.http.HttpServlet.service(HttpServlet.java:658) ~[tomcat-embed-core-10.1.55.jar!/:na]
	at org.apache.catalina.core.ApplicationFilterChain.internalDoFilter(ApplicationFilterChain.java:193) ~[tomcat-embed-core-10.1.55.jar!/:na]
	at org.apache.catalina.core.ApplicationFilterChain.doFilter(ApplicationFilterChain.java:138) ~[tomcat-embed-core-10.1.55.jar!/:na]
	at org.apache.tomcat.websocket.server.WsFilter.doFilter(WsFilter.java:51) ~[tomcat-embed-websocket-10.1.55.jar!/:na]
	at org.apache.catalina.core.ApplicationFilterChain.internalDoFilter(ApplicationFilterChain.java:162) ~[tomcat-embed-core-10.1.55.jar!/:na]
	at org.apache.catalina.core.ApplicationFilterChain.doFilter(ApplicationFilterChain.java:138) ~[tomcat-embed-core-10.1.55.jar!/:na]
	at org.springframework.web.filter.RequestContextFilter.doFilterInternal(RequestContextFilter.java:100) ~[spring-web-6.2.19.jar!/:6.2.19]
	at org.springframework.web.filter.OncePerRequestFilter.doFilter(OncePerRequestFilter.java:116) ~[spring-web-6.2.19.jar!/:6.2.19]
	at org.apache.catalina.core.ApplicationFilterChain.internalDoFilter(ApplicationFilterChain.java:162) ~[tomcat-embed-core-10.1.55.jar!/:na]
	at org.apache.catalina.core.ApplicationFilterChain.doFilter(ApplicationFilterChain.java:138) ~[tomcat-embed-core-10.1.55.jar!/:na]
	at org.springframework.web.filter.FormContentFilter.doFilterInternal(FormContentFilter.java:93) ~[spring-web-6.2.19.jar!/:6.2.19]
	at org.springframework.web.filter.OncePerRequestFilter.doFilter(OncePerRequestFilter.java:116) ~[spring-web-6.2.19.jar!/:6.2.19]
	at org.apache.catalina.core.ApplicationFilterChain.internalDoFilter(ApplicationFilterChain.java:162) ~[tomcat-embed-core-10.1.55.jar!/:na]
	at org.apache.catalina.core.ApplicationFilterChain.doFilter(ApplicationFilterChain.java:138) ~[tomcat-embed-core-10.1.55.jar!/:na]
	at org.springframework.web.filter.CharacterEncodingFilter.doFilterInternal(CharacterEncodingFilter.java:201) ~[spring-web-6.2.19.jar!/:6.2.19]
	at org.springframework.web.filter.OncePerRequestFilter.doFilter(OncePerRequestFilter.java:116) ~[spring-web-6.2.19.jar!/:6.2.19]
	at org.apache.catalina.core.ApplicationFilterChain.internalDoFilter(ApplicationFilterChain.java:162) ~[tomcat-embed-core-10.1.55.jar!/:na]
	at org.apache.catalina.core.ApplicationFilterChain.doFilter(ApplicationFilterChain.java:138) ~[tomcat-embed-core-10.1.55.jar!/:na]
	at org.apache.catalina.core.StandardWrapperValve.invoke(StandardWrapperValve.java:165) ~[tomcat-embed-core-10.1.55.jar!/:na]
	at org.apache.catalina.core.StandardContextValve.invoke(StandardContextValve.java:88) ~[tomcat-embed-core-10.1.55.jar!/:na]
	at org.apache.catalina.authenticator.AuthenticatorBase.invoke(AuthenticatorBase.java:492) ~[tomcat-embed-core-10.1.55.jar!/:na]
	at org.apache.catalina.core.StandardHostValve.invoke(StandardHostValve.java:113) ~[tomcat-embed-core-10.1.55.jar!/:na]
	at org.apache.catalina.valves.ErrorReportValve.invoke(ErrorReportValve.java:83) ~[tomcat-embed-core-10.1.55.jar!/:na]
	at org.apache.catalina.core.StandardEngineValve.invoke(StandardEngineValve.java:72) ~[tomcat-embed-core-10.1.55.jar!/:na]
	at org.apache.catalina.connector.CoyoteAdapter.service(CoyoteAdapter.java:342) ~[tomcat-embed-core-10.1.55.jar!/:na]
	at org.apache.coyote.http11.Http11Processor.service(Http11Processor.java:399) ~[tomcat-embed-core-10.1.55.jar!/:na]
	at org.apache.coyote.AbstractProcessorLight.process(AbstractProcessorLight.java:63) ~[tomcat-embed-core-10.1.55.jar!/:na]
	at org.apache.coyote.AbstractProtocol$ConnectionHandler.process(AbstractProtocol.java:1272) ~[tomcat-embed-core-10.1.55.jar!/:na]
	at org.apache.tomcat.util.net.NioEndpoint$SocketProcessor.doRun(NioEndpoint.java:1797) ~[tomcat-embed-core-10.1.55.jar!/:na]
	at org.apache.tomcat.util.net.SocketProcessorBase.run(SocketProcessorBase.java:52) ~[tomcat-embed-core-10.1.55.jar!/:na]
	at org.apache.tomcat.util.threads.ThreadPoolExecutor.runWorker(ThreadPoolExecutor.java:973) ~[tomcat-embed-core-10.1.55.jar!/:na]
	at org.apache.tomcat.util.threads.ThreadPoolExecutor$Worker.run(ThreadPoolExecutor.java:491) ~[tomcat-embed-core-10.1.55.jar!/:na]
	at org.apache.tomcat.util.threads.TaskThread$WrappingRunnable.run(TaskThread.java:63) ~[tomcat-embed-core-10.1.55.jar!/:na]
	at java.base/java.lang.Thread.run(Thread.java:1583) ~[na:na]

2026-08-23T22:49:02.522+08:00  INFO 20464 --- [ptidss-server] [   scheduling-1] c.p.intel.service.IntelFetchService      : 情报源模拟采集：INTL-PROV-JS 生成模拟情报
2026-08-23T22:49:02.527+08:00  INFO 20464 --- [ptidss-server] [   scheduling-1] c.p.intel.service.IntelFetchService      : 情报源模拟采集：INTL-NEA 生成模拟情报
2026-08-23T22:49:02.535+08:00  INFO 20464 --- [ptidss-server] [   scheduling-1] c.p.intel.service.IntelFetchService      : 情报源模拟采集：INTL-GRID-JS 生成模拟情报
2026-08-23T22:49:02.539+08:00  INFO 20464 --- [ptidss-server] [   scheduling-1] c.p.intel.service.IntelFetchService      : 情报源模拟采集：INTL-MET-CMA 生成模拟情报
2026-08-23T22:49:02.547+08:00  INFO 20464 --- [ptidss-server] [   scheduling-1] c.p.intel.service.IntelFetchService      : 情报源模拟采集：INTL-PRICE-NEM 生成模拟情报
2026-08-23T22:49:02.551+08:00  INFO 20464 --- [ptidss-server] [   scheduling-1] c.p.intel.service.IntelFetchService      : 情报源模拟采集：INTL-PRICE-PROV 生成模拟情报
2026-08-23T22:49:02.556+08:00  INFO 20464 --- [ptidss-server] [   scheduling-1] c.p.intel.service.IntelFetchService      : 情报源模拟采集：INTL-ANN-GRID 生成模拟情报
2026-08-23T22:49:02.561+08:00  INFO 20464 --- [ptidss-server] [   scheduling-1] c.p.intel.service.IntelFetchService      : 情报源模拟采集：INTL-OPI-MEDIA 生成模拟情报
2026-08-23T22:49:02.566+08:00  INFO 20464 --- [ptidss-server] [   scheduling-1] c.p.intel.service.IntelFetchService      : 情报源模拟采集：INTL-POL-ENERGY 生成模拟情报
2026-08-23T22:49:02.570+08:00  INFO 20464 --- [ptidss-server] [   scheduling-1] c.p.intel.service.IntelFetchService      : 情报源模拟采集：INTL-SD-DEMAND 生成模拟情报
2026-08-23T22:49:02.576+08:00  INFO 20464 --- [ptidss-server] [   scheduling-1] c.p.intel.service.IntelFetchService      : 情报源模拟采集：INTL-PRICE-SD 生成模拟情报
2026-08-23T22:49:02.580+08:00  INFO 20464 --- [ptidss-server] [   scheduling-1] c.p.intel.service.IntelFetchService      : 情报源模拟采集：INTL-PRICE-SX 生成模拟情报
2026-08-23T22:49:02.585+08:00  INFO 20464 --- [ptidss-server] [   scheduling-1] c.p.intel.service.IntelFetchService      : 情报源模拟采集：INTL-PRICE-GD 生成模拟情报
2026-08-23T22:49:02.590+08:00  INFO 20464 --- [ptidss-server] [   scheduling-1] c.p.intel.service.IntelFetchService      : 情报源模拟采集：INTL-PRICE-GS 生成模拟情报
2026-08-23T22:49:02.596+08:00  INFO 20464 --- [ptidss-server] [   scheduling-1] c.p.intel.service.IntelFetchService      : 情报源模拟采集：INTL-PRICE-MX 生成模拟情报
2026-08-23T22:49:02.602+08:00  INFO 20464 --- [ptidss-server] [   scheduling-1] c.p.intel.service.IntelFetchService      : 情报源模拟采集：INTL-ANN-SD 生成模拟情报
2026-08-23T22:49:02.607+08:00  INFO 20464 --- [ptidss-server] [   scheduling-1] c.p.intel.service.IntelFetchService      : 情报源模拟采集：INTL-SD-SD 生成模拟情报
2026-08-23T22:49:02.613+08:00  INFO 20464 --- [ptidss-server] [   scheduling-1] c.p.intel.service.IntelFetchService      : 情报源模拟采集：INTL-SD-MX 生成模拟情报
2026-08-23T22:49:02.618+08:00  INFO 20464 --- [ptidss-server] [   scheduling-1] c.p.intel.service.IntelFetchService      : 情报源模拟采集：INTL-POL-PROV 生成模拟情报
2026-08-23T22:49:02.624+08:00  INFO 20464 --- [ptidss-server] [   scheduling-1] c.p.intel.service.IntelFetchService      : 情报源模拟采集：INTL-PRICE-SC 生成模拟情报
2026-08-23T22:49:02.624+08:00  INFO 20464 --- [ptidss-server] [   scheduling-1] c.p.intel.service.IntelFetchService      : 行情采集执行完成：到期 20 个（成功 20 / 失败 0 / 跳过未到期 0）
2026-08-23T22:49:07.458+08:00  INFO 20464 --- [ptidss-server] [ionShutdownHook] o.s.b.w.e.tomcat.GracefulShutdown        : Commencing graceful shutdown. Waiting for active requests to complete
2026-08-23T22:49:07.460+08:00  INFO 20464 --- [ptidss-server] [tomcat-shutdown] o.s.b.w.e.tomcat.GracefulShutdown        : Graceful shutdown complete
2026-08-23T22:49:07.467+08:00  INFO 20464 --- [ptidss-server] [ionShutdownHook] com.zaxxer.hikari.HikariDataSource       : HikariPool-1 - Shutdown initiated...
2026-08-23T22:49:07.469+08:00  INFO 20464 --- [ptidss-server] [ionShutdownHook] com.zaxxer.hikari.HikariDataSource       : HikariPool-1 - Shutdown completed.
