nohup: 忽略输入

  .   ____          _            __ _ _
 /\\ / ___'_ __ _ _(_)_ __  __ _ \ \ \ \
( ( )\___ | '_ | '_| | '_ \/ _` | \ \ \ \
 \\/  ___)| |_)| | | | | || (_| |  ) ) ) )
  '  |____| .__|_| |_|_| |_\__, | / / / /
 =========|_|==============|___/=/_/_/_/

 :: Spring Boot ::               (v3.5.16)

2026-08-25T19:54:45.260+08:00  INFO 59426 --- [ptidss-server] [           main] com.ptidss.PtidssApplication             : Starting PtidssApplication v1.0.0 using Java 21.0.12.1 with PID 59426 (/home/odoo/workspace/PTIDSS/ptidss-server/target/ptidss-server.jar started by odoo in /home/odoo/workspace/PTIDSS/ptidss-server)
2026-08-25T19:54:45.263+08:00 DEBUG 59426 --- [ptidss-server] [           main] com.ptidss.PtidssApplication             : Running with Spring Boot v3.5.16, Spring v6.2.19
2026-08-25T19:54:45.264+08:00  INFO 59426 --- [ptidss-server] [           main] com.ptidss.PtidssApplication             : The following 1 profile is active: "dev"
2026-08-25T19:54:47.272+08:00  INFO 59426 --- [ptidss-server] [           main] o.s.b.w.embedded.tomcat.TomcatWebServer  : Tomcat initialized with port 9081 (http)
2026-08-25T19:54:47.290+08:00  INFO 59426 --- [ptidss-server] [           main] o.apache.catalina.core.StandardService   : Starting service [Tomcat]
2026-08-25T19:54:47.290+08:00  INFO 59426 --- [ptidss-server] [           main] o.apache.catalina.core.StandardEngine    : Starting Servlet engine: [Apache Tomcat/10.1.55]
2026-08-25T19:54:47.320+08:00  INFO 59426 --- [ptidss-server] [           main] o.a.c.c.C.[.[localhost].[/ptidss]        : Initializing Spring embedded WebApplicationContext
2026-08-25T19:54:47.321+08:00  INFO 59426 --- [ptidss-server] [           main] w.s.c.ServletWebServerApplicationContext : Root WebApplicationContext: initialization completed in 1983 ms
2026-08-25T19:54:48.343+08:00  WARN 59426 --- [ptidss-server] [           main] c.b.m.core.metadata.TableInfoHelper      : Can not find table primary key in Class: "com.ptidss.system.domain.SysUserRegion".
2026-08-25T19:54:48.344+08:00  WARN 59426 --- [ptidss-server] [           main] c.b.m.core.injector.DefaultSqlInjector   : class com.ptidss.system.domain.SysUserRegion Not found @TableId annotation, Cannot use Mybatis-Plus 'xxById' Method.
2026-08-25T19:54:48.366+08:00  WARN 59426 --- [ptidss-server] [           main] c.b.m.core.metadata.TableInfoHelper      : Can not find table primary key in Class: "com.ptidss.system.domain.SysRoleRegion".
2026-08-25T19:54:48.366+08:00  WARN 59426 --- [ptidss-server] [           main] c.b.m.core.injector.DefaultSqlInjector   : class com.ptidss.system.domain.SysRoleRegion Not found @TableId annotation, Cannot use Mybatis-Plus 'xxById' Method.
2026-08-25T19:54:48.422+08:00  INFO 59426 --- [ptidss-server] [           main] c.ptidss.common.security.TokenService    : TokenService 初始化完成：expire=120min, refreshThreshold=10min
2026-08-25T19:54:48.434+08:00  INFO 59426 --- [ptidss-server] [           main] c.ptidss.auth.service.SysLoginService    : 登录失败锁定已启用：连续 5 次失败锁定 10 分钟
2026-08-25T19:54:48.548+08:00  INFO 59426 --- [ptidss-server] [           main] com.zaxxer.hikari.HikariDataSource       : HikariPool-1 - Starting...
2026-08-25T19:54:48.796+08:00  INFO 59426 --- [ptidss-server] [           main] com.zaxxer.hikari.pool.HikariPool        : HikariPool-1 - Added connection org.postgresql.jdbc.PgConnection@2c2aab92
2026-08-25T19:54:48.798+08:00  INFO 59426 --- [ptidss-server] [           main] com.zaxxer.hikari.HikariDataSource       : HikariPool-1 - Start completed.
2026-08-25T19:54:48.808+08:00 DEBUG 59426 --- [ptidss-server] [           main] c.p.s.mapper.SysUserMapper.selectList    : ==>  Preparing: SELECT id,username,display_name,password_hash,role_ids,org_code,phone,email,status,last_login_at,version,deleted,created_at,updated_at FROM sys_user WHERE deleted=false AND (password_hash LIKE ?)
2026-08-25T19:54:48.830+08:00 DEBUG 59426 --- [ptidss-server] [           main] c.p.s.mapper.SysUserMapper.selectList    : ==> Parameters: %PLACEHOLDER%(String)
2026-08-25T19:54:48.850+08:00 DEBUG 59426 --- [ptidss-server] [           main] c.p.s.mapper.SysUserMapper.selectList    : <==      Total: 0
2026-08-25T19:54:49.429+08:00  INFO 59426 --- [ptidss-server] [           main] c.ptidss.model.spi.AlgorithmSpiRegistry  : 算法 SPI 执行器已注册：forecast（特征序列预测（96 点价格））
2026-08-25T19:54:49.429+08:00  INFO 59426 --- [ptidss-server] [           main] c.ptidss.model.spi.AlgorithmSpiRegistry  : 算法 SPI 执行器已注册：market_analysis（情报舆情情感加权分析）
2026-08-25T19:54:49.430+08:00  INFO 59426 --- [ptidss-server] [           main] c.ptidss.model.spi.AlgorithmSpiRegistry  : 算法 SPI 执行器已注册：optimize（混合整数规划联合优化）
2026-08-25T19:54:49.430+08:00  INFO 59426 --- [ptidss-server] [           main] c.ptidss.model.spi.AlgorithmSpiRegistry  : 算法 SPI 执行器已注册：quote_strategy（分段聚合报价策略）
2026-08-25T19:54:49.430+08:00  INFO 59426 --- [ptidss-server] [           main] c.ptidss.model.spi.AlgorithmSpiRegistry  : 算法 SPI 执行器已注册：review（复盘知识库四段式归纳）
2026-08-25T19:54:49.430+08:00  INFO 59426 --- [ptidss-server] [           main] c.ptidss.model.spi.AlgorithmSpiRegistry  : 算法 SPI 执行器已注册：risk_measure（蒙特卡洛 CVaR 风险度量）
2026-08-25T19:54:49.430+08:00  INFO 59426 --- [ptidss-server] [           main] c.ptidss.model.spi.AlgorithmSpiRegistry  : 算法 SPI 执行器已注册：rule_engine（合规规则引擎仲裁）
2026-08-25T19:54:49.430+08:00  INFO 59426 --- [ptidss-server] [           main] c.ptidss.model.spi.AlgorithmSpiRegistry  : 算法 SPI 执行器已注册：settlement（偏差考核结算测算）
2026-08-25T19:54:50.930+08:00  INFO 59426 --- [ptidss-server] [           main] b.m.s.MybatisPlusApplicationContextAware : Register ApplicationContext instances org.springframework.boot.web.servlet.context.AnnotationConfigServletWebServerApplicationContext@12bd8a64
2026-08-25T19:54:51.108+08:00  INFO 59426 --- [ptidss-server] [           main] o.s.b.w.embedded.tomcat.TomcatWebServer  : Tomcat started on port 9081 (http) with context path '/ptidss'
2026-08-25T19:54:51.120+08:00  INFO 59426 --- [ptidss-server] [           main] com.ptidss.PtidssApplication             : Started PtidssApplication in 6.498 seconds (process running for 7.061)
===============================================
  PTIDSS Server 启动成功: http://localhost:9080/ptidss
===============================================
2026-08-25T19:54:59.127+08:00  INFO 59426 --- [ptidss-server] [nio-9081-exec-1] o.a.c.c.C.[.[localhost].[/ptidss]        : Initializing Spring DispatcherServlet 'dispatcherServlet'
2026-08-25T19:54:59.127+08:00  INFO 59426 --- [ptidss-server] [nio-9081-exec-1] o.s.web.servlet.DispatcherServlet        : Initializing Servlet 'dispatcherServlet'
2026-08-25T19:54:59.129+08:00  INFO 59426 --- [ptidss-server] [nio-9081-exec-1] o.s.web.servlet.DispatcherServlet        : Completed initialization in 1 ms
2026-08-25T19:54:59.308+08:00 DEBUG 59426 --- [ptidss-server] [nio-9081-exec-1] c.p.s.m.SysUserMapper.selectWithCursor   : ==>  Preparing: SELECT id,username,display_name,password_hash,role_ids,org_code,phone,email,status,last_login_at,version,deleted,created_at,updated_at FROM sys_user WHERE deleted=false AND (username = ?)
2026-08-25T19:54:59.309+08:00 DEBUG 59426 --- [ptidss-server] [nio-9081-exec-1] c.p.s.m.SysUserMapper.selectWithCursor   : ==> Parameters: admin(String)
2026-08-25T19:54:59.487+08:00 DEBUG 59426 --- [ptidss-server] [nio-9081-exec-1] c.p.s.m.SysUserMapper.selectWithCursor   : <==      Total: 1
2026-08-25T19:54:59.603+08:00 DEBUG 59426 --- [ptidss-server] [nio-9081-exec-1] c.p.system.mapper.AuditLogMapper.insert  : ==>  Preparing: INSERT INTO audit_log ( id, trace_id, user_id, username, action, target_type, target_id, ip, user_agent, result, created_at ) VALUES ( ?, ?, ?, ?, ?, ?, ?, ?, ?, ?, ? )
2026-08-25T19:54:59.606+08:00 DEBUG 59426 --- [ptidss-server] [nio-9081-exec-1] c.p.system.mapper.AuditLogMapper.insert  : ==> Parameters: 217975041172836352(Long), d66bcca293e94b9c(String), 0(Long), admin(String), login(String), auth(String), LoginBody(username=admin, password=x, captchaKey=null, captchaCo(String), 127.0.0.1(String), curl/8.5.0(String), fail(String), 2026-08-25 19:54:59.597(Timestamp)
2026-08-25T19:54:59.609+08:00 DEBUG 59426 --- [ptidss-server] [nio-9081-exec-1] c.p.system.mapper.AuditLogMapper.insert  : <==    Updates: 1
2026-08-25T19:55:01.125+08:00 DEBUG 59426 --- [ptidss-server] [   scheduling-1] c.p.i.m.IntelPushRuleMapper.selectList   : ==>  Preparing: SELECT id,rule_name,tags_filter,importance_filter,target_roles,channel,silent_period,status,version,deleted,created_at,updated_at FROM intel_push_rule WHERE deleted=false AND (status = ?)
2026-08-25T19:55:01.126+08:00 DEBUG 59426 --- [ptidss-server] [   scheduling-1] c.p.i.m.IntelPushRuleMapper.selectList   : ==> Parameters: active(String)
2026-08-25T19:55:01.130+08:00 DEBUG 59426 --- [ptidss-server] [   scheduling-1] c.p.i.m.IntelPushRuleMapper.selectList   : <==      Total: 3
2026-08-25T19:55:01.143+08:00 DEBUG 59426 --- [ptidss-server] [   scheduling-1] c.p.i.mapper.IntelNewsMapper.selectList  : ==>  Preparing: SELECT id,source_code,title,content,region_code,normalized_tags,importance,published_at,push_status,version,deleted,created_at,updated_at FROM intel_news WHERE deleted=false AND (push_status = ? AND importance = ?)
2026-08-25T19:55:01.144+08:00 DEBUG 59426 --- [ptidss-server] [   scheduling-1] c.p.i.mapper.IntelNewsMapper.selectList  : ==> Parameters: none(String), high(String)
2026-08-25T19:55:01.147+08:00 DEBUG 59426 --- [ptidss-server] [   scheduling-1] c.p.i.mapper.IntelNewsMapper.selectList  : <==      Total: 0
2026-08-25T19:55:01.148+08:00 DEBUG 59426 --- [ptidss-server] [   scheduling-1] c.p.i.mapper.IntelNewsMapper.selectList  : ==>  Preparing: SELECT id,source_code,title,content,region_code,normalized_tags,importance,published_at,push_status,version,deleted,created_at,updated_at FROM intel_news WHERE deleted=false AND (push_status = ? AND importance = ?)
2026-08-25T19:55:01.148+08:00 DEBUG 59426 --- [ptidss-server] [   scheduling-1] c.p.i.mapper.IntelNewsMapper.selectList  : ==> Parameters: none(String), medium(String)
2026-08-25T19:55:01.263+08:00 DEBUG 59426 --- [ptidss-server] [   scheduling-1] c.p.i.mapper.IntelNewsMapper.selectList  : <==      Total: 817
2026-08-25T19:55:01.300+08:00 DEBUG 59426 --- [ptidss-server] [   scheduling-1] c.p.i.mapper.IntelNewsMapper.selectList  : ==>  Preparing: SELECT id,source_code,title,content,region_code,normalized_tags,importance,published_at,push_status,version,deleted,created_at,updated_at FROM intel_news WHERE deleted=false AND (push_status = ? AND importance = ?)
2026-08-25T19:55:01.300+08:00 DEBUG 59426 --- [ptidss-server] [   scheduling-1] c.p.i.mapper.IntelNewsMapper.selectList  : ==> Parameters: none(String), high(String)
2026-08-25T19:55:01.301+08:00 DEBUG 59426 --- [ptidss-server] [   scheduling-1] c.p.i.mapper.IntelNewsMapper.selectList  : <==      Total: 0
2026-08-25T19:55:01.302+08:00  INFO 59426 --- [ptidss-server] [   scheduling-1] com.ptidss.intel.service.IntelService    : 情报推送执行完成：匹配情报 0 条，派发消息 0 条，触发决策会话情报重评 0 个
2026-08-25T19:55:06.759+08:00 DEBUG 59426 --- [ptidss-server] [nio-9081-exec-2] c.p.s.m.SysUserMapper.selectWithCursor   : ==>  Preparing: SELECT id,username,display_name,password_hash,role_ids,org_code,phone,email,status,last_login_at,version,deleted,created_at,updated_at FROM sys_user WHERE deleted=false AND (username = ?)
2026-08-25T19:55:06.760+08:00 DEBUG 59426 --- [ptidss-server] [nio-9081-exec-2] c.p.s.m.SysUserMapper.selectWithCursor   : ==> Parameters: admin(String)
2026-08-25T19:55:06.763+08:00 DEBUG 59426 --- [ptidss-server] [nio-9081-exec-2] c.p.s.m.SysUserMapper.selectWithCursor   : <==      Total: 1
2026-08-25T19:55:06.849+08:00 DEBUG 59426 --- [ptidss-server] [nio-9081-exec-2] c.p.s.mapper.SysRoleMapper.selectByIds   : ==>  Preparing: SELECT id,role_code,role_name,description,status,version,deleted,created_at,updated_at FROM sys_role WHERE id IN ( ? ) AND deleted=false
2026-08-25T19:55:06.849+08:00 DEBUG 59426 --- [ptidss-server] [nio-9081-exec-2] c.p.s.mapper.SysRoleMapper.selectByIds   : ==> Parameters: 4(Long)
2026-08-25T19:55:06.852+08:00 DEBUG 59426 --- [ptidss-server] [nio-9081-exec-2] c.p.s.mapper.SysRoleMapper.selectByIds   : <==      Total: 1
2026-08-25T19:55:06.853+08:00 DEBUG 59426 --- [ptidss-server] [nio-9081-exec-2] c.p.s.m.SysPermissionMapper.selectList   : ==>  Preparing: SELECT id,perm_code,perm_name,resource_type,resource_pattern,status,version,deleted,created_at,updated_at FROM sys_permission WHERE deleted=false AND (status = ? AND EXISTS (SELECT 1 FROM sys_role_permission rp WHERE rp.permission_id = sys_permission.id AND rp.role_id = ?))
2026-08-25T19:55:06.854+08:00 DEBUG 59426 --- [ptidss-server] [nio-9081-exec-2] c.p.s.m.SysPermissionMapper.selectList   : ==> Parameters: active(String), 4(Long)
2026-08-25T19:55:06.858+08:00 DEBUG 59426 --- [ptidss-server] [nio-9081-exec-2] c.p.s.m.SysPermissionMapper.selectList   : <==      Total: 18
2026-08-25T19:55:06.860+08:00 DEBUG 59426 --- [ptidss-server] [nio-9081-exec-2] c.p.s.m.SysUserRegionMapper.selectList   : ==>  Preparing: SELECT user_id,region_code FROM sys_user_region WHERE (user_id = ?)
2026-08-25T19:55:06.860+08:00 DEBUG 59426 --- [ptidss-server] [nio-9081-exec-2] c.p.s.m.SysUserRegionMapper.selectList   : ==> Parameters: 1(Long)
2026-08-25T19:55:06.862+08:00 DEBUG 59426 --- [ptidss-server] [nio-9081-exec-2] c.p.s.m.SysUserRegionMapper.selectList   : <==      Total: 4
2026-08-25T19:55:06.864+08:00 DEBUG 59426 --- [ptidss-server] [nio-9081-exec-2] c.p.s.m.S.selectWithCursor               : ==>  Preparing: SELECT id,region_code,region_name,market_support,exchange_channel,settlement_period,status,launch_order,version,deleted,created_at,updated_at FROM sys_region WHERE deleted=false AND (region_code = ? AND status = ?)
2026-08-25T19:55:06.865+08:00 DEBUG 59426 --- [ptidss-server] [nio-9081-exec-2] c.p.s.m.S.selectWithCursor               : ==> Parameters: CN-31(String), enabled(String)
2026-08-25T19:55:06.868+08:00 DEBUG 59426 --- [ptidss-server] [nio-9081-exec-2] c.p.s.m.S.selectWithCursor               : <==      Total: 1
2026-08-25T19:55:06.950+08:00 DEBUG 59426 --- [ptidss-server] [nio-9081-exec-2] c.p.s.mapper.SysUserMapper.updateById    : ==>  Preparing: UPDATE sys_user SET last_login_at=?, updated_at=? WHERE id=? AND deleted=false
2026-08-25T19:55:06.950+08:00 DEBUG 59426 --- [ptidss-server] [nio-9081-exec-2] c.p.s.mapper.SysUserMapper.updateById    : ==> Parameters: 2026-08-25 19:55:06.945(Timestamp), 2026-08-25 19:55:06.948(Timestamp), 1(Long)
2026-08-25T19:55:06.953+08:00 DEBUG 59426 --- [ptidss-server] [nio-9081-exec-2] c.p.s.mapper.SysUserMapper.updateById    : <==    Updates: 1
2026-08-25T19:55:06.955+08:00 DEBUG 59426 --- [ptidss-server] [nio-9081-exec-2] c.p.system.mapper.AuditLogMapper.insert  : ==>  Preparing: INSERT INTO audit_log ( id, trace_id, user_id, username, action, target_type, target_id, ip, user_agent, result, created_at ) VALUES ( ?, ?, ?, ?, ?, ?, ?, ?, ?, ?, ? )
2026-08-25T19:55:06.955+08:00 DEBUG 59426 --- [ptidss-server] [nio-9081-exec-2] c.p.system.mapper.AuditLogMapper.insert  : ==> Parameters: 217975072034525184(Long), 90b5f8ccda454dd6(String), 0(Long), admin(String), login(String), auth(String), LoginBody(username=admin, password=Ptidss@2026, captchaKey=null,(String), 127.0.0.1(String), curl/8.5.0(String), success(String), 2026-08-25 19:55:06.954(Timestamp)
2026-08-25T19:55:06.957+08:00 DEBUG 59426 --- [ptidss-server] [nio-9081-exec-2] c.p.system.mapper.AuditLogMapper.insert  : <==    Updates: 1
2026-08-25T19:55:07.030+08:00 DEBUG 59426 --- [ptidss-server] [nio-9081-exec-4] c.p.d.m.D.addColumnNodeName              : ==>  Preparing: ALTER TABLE data_lineage ADD COLUMN IF NOT EXISTS node_name VARCHAR(64)
2026-08-25T19:55:07.030+08:00 DEBUG 59426 --- [ptidss-server] [nio-9081-exec-4] c.p.d.m.D.addColumnNodeName              : ==> Parameters: 
2026-08-25T19:55:07.033+08:00 DEBUG 59426 --- [ptidss-server] [nio-9081-exec-4] c.p.d.m.D.addColumnNodeName              : <==    Updates: 0
2026-08-25T19:55:07.034+08:00 DEBUG 59426 --- [ptidss-server] [nio-9081-exec-4] c.p.d.m.D.addColumnDescription           : ==>  Preparing: ALTER TABLE data_lineage ADD COLUMN IF NOT EXISTS description VARCHAR(255)
2026-08-25T19:55:07.034+08:00 DEBUG 59426 --- [ptidss-server] [nio-9081-exec-4] c.p.d.m.D.addColumnDescription           : ==> Parameters: 
2026-08-25T19:55:07.036+08:00 DEBUG 59426 --- [ptidss-server] [nio-9081-exec-4] c.p.d.m.D.addColumnDescription           : <==    Updates: 0
2026-08-25T19:55:07.037+08:00 DEBUG 59426 --- [ptidss-server] [nio-9081-exec-4] c.p.d.m.D.addColumnDomain                : ==>  Preparing: ALTER TABLE data_lineage ADD COLUMN IF NOT EXISTS domain VARCHAR(32)
2026-08-25T19:55:07.037+08:00 DEBUG 59426 --- [ptidss-server] [nio-9081-exec-4] c.p.d.m.D.addColumnDomain                : ==> Parameters: 
2026-08-25T19:55:07.038+08:00 DEBUG 59426 --- [ptidss-server] [nio-9081-exec-4] c.p.d.m.D.addColumnDomain                : <==    Updates: 0
2026-08-25T19:55:07.039+08:00 DEBUG 59426 --- [ptidss-server] [nio-9081-exec-4] c.p.d.m.D.addColumnLayer                 : ==>  Preparing: ALTER TABLE data_lineage ADD COLUMN IF NOT EXISTS layer VARCHAR(16)
2026-08-25T19:55:07.039+08:00 DEBUG 59426 --- [ptidss-server] [nio-9081-exec-4] c.p.d.m.D.addColumnLayer                 : ==> Parameters: 
2026-08-25T19:55:07.041+08:00 DEBUG 59426 --- [ptidss-server] [nio-9081-exec-4] c.p.d.m.D.addColumnLayer                 : <==    Updates: 0
2026-08-25T19:55:07.042+08:00 DEBUG 59426 --- [ptidss-server] [nio-9081-exec-4] c.p.d.m.D.dropNodeTypeCheck              : ==>  Preparing: ALTER TABLE data_lineage DROP CONSTRAINT IF EXISTS data_lineage_node_type_check
2026-08-25T19:55:07.042+08:00 DEBUG 59426 --- [ptidss-server] [nio-9081-exec-4] c.p.d.m.D.dropNodeTypeCheck              : ==> Parameters: 
2026-08-25T19:55:07.045+08:00 DEBUG 59426 --- [ptidss-server] [nio-9081-exec-4] c.p.d.m.D.dropNodeTypeCheck              : <==    Updates: 0
2026-08-25T19:55:07.046+08:00 DEBUG 59426 --- [ptidss-server] [nio-9081-exec-4] c.p.d.m.D.addNodeTypeCheck               : ==>  Preparing: ALTER TABLE data_lineage ADD CONSTRAINT data_lineage_node_type_check CHECK (node_type IN ('table','task','report','model','business'))
2026-08-25T19:55:07.046+08:00 DEBUG 59426 --- [ptidss-server] [nio-9081-exec-4] c.p.d.m.D.addNodeTypeCheck               : ==> Parameters: 
2026-08-25T19:55:07.049+08:00 DEBUG 59426 --- [ptidss-server] [nio-9081-exec-4] c.p.d.m.D.addNodeTypeCheck               : <==    Updates: 0
2026-08-25T19:55:07.050+08:00 DEBUG 59426 --- [ptidss-server] [nio-9081-exec-4] c.p.d.m.DataLineageMapper.selectCount    : ==>  Preparing: SELECT COUNT( * ) AS total FROM data_lineage WHERE deleted=false
2026-08-25T19:55:07.050+08:00 DEBUG 59426 --- [ptidss-server] [nio-9081-exec-4] c.p.d.m.DataLineageMapper.selectCount    : ==> Parameters: 
2026-08-25T19:55:07.052+08:00 DEBUG 59426 --- [ptidss-server] [nio-9081-exec-4] c.p.d.m.DataLineageMapper.selectCount    : <==      Total: 1
2026-08-25T19:55:07.054+08:00 DEBUG 59426 --- [ptidss-server] [nio-9081-exec-4] c.p.d.m.DataLineageMapper.selectCount    : ==>  Preparing: SELECT COUNT( * ) AS total FROM data_lineage WHERE deleted=false AND (node_name IS NOT NULL)
2026-08-25T19:55:07.054+08:00 DEBUG 59426 --- [ptidss-server] [nio-9081-exec-4] c.p.d.m.DataLineageMapper.selectCount    : ==> Parameters: 
2026-08-25T19:55:07.055+08:00 DEBUG 59426 --- [ptidss-server] [nio-9081-exec-4] c.p.d.m.DataLineageMapper.selectCount    : <==      Total: 1
2026-08-25T19:55:07.056+08:00 DEBUG 59426 --- [ptidss-server] [nio-9081-exec-4] c.p.d.m.DataLineageMapper.physicalClear  : ==>  Preparing: DELETE FROM data_lineage
2026-08-25T19:55:07.056+08:00 DEBUG 59426 --- [ptidss-server] [nio-9081-exec-4] c.p.d.m.DataLineageMapper.physicalClear  : ==> Parameters: 
2026-08-25T19:55:07.057+08:00 DEBUG 59426 --- [ptidss-server] [nio-9081-exec-4] c.p.d.m.DataLineageMapper.physicalClear  : <==    Updates: 7
2026-08-25T19:55:07.061+08:00 DEBUG 59426 --- [ptidss-server] [nio-9081-exec-4] c.p.d.mapper.DataLineageMapper.insert    : ==>  Preparing: INSERT INTO data_lineage ( id, node_id, node_type, node_name, description, domain, layer, upstream, downstream, field_mapping, version, deleted, created_at, updated_at ) VALUES ( ?, ?, ?, ?, ?, ?, ?, ?, ?, ?, ?, ?, ?, ? )
2026-08-25T19:55:07.064+08:00 DEBUG 59426 --- [ptidss-server] [nio-9081-exec-4] c.p.d.mapper.DataLineageMapper.insert    : ==> Parameters: 217975072479121408(Long), src_marketing(String), table(String), 营销系统(String), 营销电量/用户台账等外部数据源（模拟或生产接入）(String), marketing(String), source(String), [](String), ["node_collect_mkt"](String), {}(String), 1(Integer), false(Boolean), 2026-08-25 19:55:07.06(Timestamp), 2026-08-25 19:55:07.06(Timestamp)
2026-08-25T19:55:07.066+08:00 DEBUG 59426 --- [ptidss-server] [nio-9081-exec-4] c.p.d.mapper.DataLineageMapper.insert    : <==    Updates: 1
2026-08-25T19:55:07.067+08:00 DEBUG 59426 --- [ptidss-server] [nio-9081-exec-4] c.p.d.mapper.DataLineageMapper.insert    : ==>  Preparing: INSERT INTO data_lineage ( id, node_id, node_type, node_name, description, domain, layer, upstream, downstream, field_mapping, version, deleted, created_at, updated_at ) VALUES ( ?, ?, ?, ?, ?, ?, ?, ?, ?, ?, ?, ?, ?, ? )
2026-08-25T19:55:07.068+08:00 DEBUG 59426 --- [ptidss-server] [nio-9081-exec-4] c.p.d.mapper.DataLineageMapper.insert    : ==> Parameters: 217975072508481536(Long), src_exchange(String), table(String), 各省电力交易中心(String), 现货/中长期行情、公告、供需等交易中心公开数据（山东/山西/广东/甘肃/蒙西/广州等 10 省）(String), exchange(String), source(String), [](String), ["node_collect_exchange","node_ocr"](String), {}(String), 1(Integer), false(Boolean), 2026-08-25 19:55:07.067(Timestamp), 2026-08-25 19:55:07.067(Timestamp)
2026-08-25T19:55:07.069+08:00 DEBUG 59426 --- [ptidss-server] [nio-9081-exec-4] c.p.d.mapper.DataLineageMapper.insert    : <==    Updates: 1
2026-08-25T19:55:07.071+08:00 DEBUG 59426 --- [ptidss-server] [nio-9081-exec-4] c.p.d.mapper.DataLineageMapper.insert    : ==>  Preparing: INSERT INTO data_lineage ( id, node_id, node_type, node_name, description, domain, layer, upstream, downstream, field_mapping, version, deleted, created_at, updated_at ) VALUES ( ?, ?, ?, ?, ?, ?, ?, ?, ?, ?, ?, ?, ?, ? )
2026-08-25T19:55:07.071+08:00 DEBUG 59426 --- [ptidss-server] [nio-9081-exec-4] c.p.d.mapper.DataLineageMapper.insert    : ==> Parameters: 217975072525258752(Long), src_weather(String), table(String), 气象数据源(String), 负荷预测所需气象要素（温度/湿度/风速等）(String), weather(String), source(String), [](String), ["node_collect_weather"](String), {}(String), 1(Integer), false(Boolean), 2026-08-25 19:55:07.071(Timestamp), 2026-08-25 19:55:07.071(Timestamp)
2026-08-25T19:55:07.073+08:00 DEBUG 59426 --- [ptidss-server] [nio-9081-exec-4] c.p.d.mapper.DataLineageMapper.insert    : <==    Updates: 1
2026-08-25T19:55:07.074+08:00 DEBUG 59426 --- [ptidss-server] [nio-9081-exec-4] c.p.d.mapper.DataLineageMapper.insert    : ==>  Preparing: INSERT INTO data_lineage ( id, node_id, node_type, node_name, description, domain, layer, upstream, downstream, field_mapping, version, deleted, created_at, updated_at ) VALUES ( ?, ?, ?, ?, ?, ?, ?, ?, ?, ?, ?, ?, ?, ? )
2026-08-25T19:55:07.075+08:00 DEBUG 59426 --- [ptidss-server] [nio-9081-exec-4] c.p.d.mapper.DataLineageMapper.insert    : ==> Parameters: 217975072537841664(Long), node_collect_mkt(String), task(String), 营销数据采集任务(String), 定时采集营销系统电量/用户数据，写入明细库(String), marketing(String), collect(String), ["src_marketing"](String), ["tbl_detail"](String), {"customer_id":"biz_id"}(String), 1(Integer), false(Boolean), 2026-08-25 19:55:07.074(Timestamp), 2026-08-25 19:55:07.074(Timestamp)
2026-08-25T19:55:07.077+08:00 DEBUG 59426 --- [ptidss-server] [nio-9081-exec-4] c.p.d.mapper.DataLineageMapper.insert    : <==    Updates: 1
2026-08-25T19:55:07.078+08:00 DEBUG 59426 --- [ptidss-server] [nio-9081-exec-4] c.p.d.mapper.DataLineageMapper.insert    : ==>  Preparing: INSERT INTO data_lineage ( id, node_id, node_type, node_name, description, domain, layer, upstream, downstream, field_mapping, version, deleted, created_at, updated_at ) VALUES ( ?, ?, ?, ?, ?, ?, ?, ?, ?, ?, ?, ?, ?, ? )
2026-08-25T19:55:07.079+08:00 DEBUG 59426 --- [ptidss-server] [nio-9081-exec-4] c.p.d.mapper.DataLineageMapper.insert    : ==> Parameters: 217975072554618880(Long), node_collect_exchange(String), task(String), 交易中心行情采集任务(String), 采集各省现货/中长期行情、公告、供需信息，落明细库与情报库(String), exchange(String), collect(String), ["src_exchange"](String), ["tbl_detail","tbl_quote_plan","tbl_intel_news"](String), {"trade_date":"trade_date"}(String), 1(Integer), false(Boolean), 2026-08-25 19:55:07.078(Timestamp), 2026-08-25 19:55:07.078(Timestamp)
2026-08-25T19:55:07.081+08:00 DEBUG 59426 --- [ptidss-server] [nio-9081-exec-4] c.p.d.mapper.DataLineageMapper.insert    : <==    Updates: 1
2026-08-25T19:55:07.083+08:00 DEBUG 59426 --- [ptidss-server] [nio-9081-exec-4] c.p.d.mapper.DataLineageMapper.insert    : ==>  Preparing: INSERT INTO data_lineage ( id, node_id, node_type, node_name, description, domain, layer, upstream, downstream, field_mapping, version, deleted, created_at, updated_at ) VALUES ( ?, ?, ?, ?, ?, ?, ?, ?, ?, ?, ?, ?, ?, ? )
2026-08-25T19:55:07.083+08:00 DEBUG 59426 --- [ptidss-server] [nio-9081-exec-4] c.p.d.mapper.DataLineageMapper.insert    : ==> Parameters: 217975072571396096(Long), node_collect_weather(String), task(String), 气象数据采集任务(String), 采集气象要素数据，写入明细库(String), weather(String), collect(String), ["src_weather"](String), ["tbl_detail"](String), {}(String), 1(Integer), false(Boolean), 2026-08-25 19:55:07.082(Timestamp), 2026-08-25 19:55:07.082(Timestamp)
2026-08-25T19:55:07.085+08:00 DEBUG 59426 --- [ptidss-server] [nio-9081-exec-4] c.p.d.mapper.DataLineageMapper.insert    : <==    Updates: 1
2026-08-25T19:55:07.086+08:00 DEBUG 59426 --- [ptidss-server] [nio-9081-exec-4] c.p.d.mapper.DataLineageMapper.insert    : ==>  Preparing: INSERT INTO data_lineage ( id, node_id, node_type, node_name, description, domain, layer, upstream, downstream, field_mapping, version, deleted, created_at, updated_at ) VALUES ( ?, ?, ?, ?, ?, ?, ?, ?, ?, ?, ?, ?, ?, ? )
2026-08-25T19:55:07.087+08:00 DEBUG 59426 --- [ptidss-server] [nio-9081-exec-4] c.p.d.mapper.DataLineageMapper.insert    : ==> Parameters: 217975072588173312(Long), node_ocr(String), task(String), OCR 单据识别任务(String), 政策原文/结算单据扫描件识别（ocr_task/ocr_template）(String), policy(String), collect(String), ["src_exchange"](String), ["tbl_policy","tbl_settlement"](String), {}(String), 1(Integer), false(Boolean), 2026-08-25 19:55:07.086(Timestamp), 2026-08-25 19:55:07.086(Timestamp)
2026-08-25T19:55:07.088+08:00 DEBUG 59426 --- [ptidss-server] [nio-9081-exec-4] c.p.d.mapper.DataLineageMapper.insert    : <==    Updates: 1
2026-08-25T19:55:07.090+08:00 DEBUG 59426 --- [ptidss-server] [nio-9081-exec-4] c.p.d.mapper.DataLineageMapper.insert    : ==>  Preparing: INSERT INTO data_lineage ( id, node_id, node_type, node_name, description, domain, layer, upstream, downstream, field_mapping, version, deleted, created_at, updated_at ) VALUES ( ?, ?, ?, ?, ?, ?, ?, ?, ?, ?, ?, ?, ?, ? )
2026-08-25T19:55:07.090+08:00 DEBUG 59426 --- [ptidss-server] [nio-9081-exec-4] c.p.d.mapper.DataLineageMapper.insert    : ==> Parameters: 217975072600756224(Long), tbl_detail(String), table(String), 业务明细库(String), 机组/合约/滚动计划/申报/成交等业务明细（明细库通用层）(String), common(String), detail(String), ["node_collect_mkt","node_collect_exchange","node_collect_weather"](String), ["node_etl","data_quality"](String), {"trade_date":"trade_date"}(String), 1(Integer), false(Boolean), 2026-08-25 19:55:07.089(Timestamp), 2026-08-25 19:55:07.089(Timestamp)
2026-08-25T19:55:07.092+08:00 DEBUG 59426 --- [ptidss-server] [nio-9081-exec-4] c.p.d.mapper.DataLineageMapper.insert    : <==    Updates: 1
2026-08-25T19:55:07.093+08:00 DEBUG 59426 --- [ptidss-server] [nio-9081-exec-4] c.p.d.mapper.DataLineageMapper.insert    : ==>  Preparing: INSERT INTO data_lineage ( id, node_id, node_type, node_name, description, domain, layer, upstream, downstream, field_mapping, version, deleted, created_at, updated_at ) VALUES ( ?, ?, ?, ?, ?, ?, ?, ?, ?, ?, ?, ?, ?, ? )
2026-08-25T19:55:07.093+08:00 DEBUG 59426 --- [ptidss-server] [nio-9081-exec-4] c.p.d.mapper.DataLineageMapper.insert    : ==> Parameters: 217975072617533440(Long), tbl_quote_plan(String), table(String), 报价计划库(String), 报价计划数据（quote_plan）(String), trade(String), detail(String), ["node_collect_exchange"](String), ["tbl_declaration","node_etl"](String), {}(String), 1(Integer), false(Boolean), 2026-08-25 19:55:07.093(Timestamp), 2026-08-25 19:55:07.093(Timestamp)
2026-08-25T19:55:07.095+08:00 DEBUG 59426 --- [ptidss-server] [nio-9081-exec-4] c.p.d.mapper.DataLineageMapper.insert    : <==    Updates: 1
2026-08-25T19:55:07.096+08:00 DEBUG 59426 --- [ptidss-server] [nio-9081-exec-4] c.p.d.mapper.DataLineageMapper.insert    : ==>  Preparing: INSERT INTO data_lineage ( id, node_id, node_type, node_name, description, domain, layer, upstream, downstream, field_mapping, version, deleted, created_at, updated_at ) VALUES ( ?, ?, ?, ?, ?, ?, ?, ?, ?, ?, ?, ?, ?, ? )
2026-08-25T19:55:07.097+08:00 DEBUG 59426 --- [ptidss-server] [nio-9081-exec-4] c.p.d.mapper.DataLineageMapper.insert    : ==> Parameters: 217975072630116352(Long), tbl_declaration(String), table(String), 申报记录库(String), 交易申报数据（declaration，按月分区）(String), trade(String), detail(String), ["tbl_quote_plan"](String), ["tbl_settlement","node_etl"](String), {}(String), 1(Integer), false(Boolean), 2026-08-25 19:55:07.096(Timestamp), 2026-08-25 19:55:07.096(Timestamp)
2026-08-25T19:55:07.098+08:00 DEBUG 59426 --- [ptidss-server] [nio-9081-exec-4] c.p.d.mapper.DataLineageMapper.insert    : <==    Updates: 1
2026-08-25T19:55:07.099+08:00 DEBUG 59426 --- [ptidss-server] [nio-9081-exec-4] c.p.d.mapper.DataLineageMapper.insert    : ==>  Preparing: INSERT INTO data_lineage ( id, node_id, node_type, node_name, description, domain, layer, upstream, downstream, field_mapping, version, deleted, created_at, updated_at ) VALUES ( ?, ?, ?, ?, ?, ?, ?, ?, ?, ?, ?, ?, ?, ? )
2026-08-25T19:55:07.100+08:00 DEBUG 59426 --- [ptidss-server] [nio-9081-exec-4] c.p.d.mapper.DataLineageMapper.insert    : ==> Parameters: 217975072642699264(Long), tbl_settlement(String), table(String), 结算记录库(String), 结算记录/核对/凭证/台账（settlement_record/reconcile/ticket/ledger）(String), settle(String), detail(String), ["tbl_declaration","node_ocr"](String), ["node_etl","rpt_settle","rpt_assess","biz_settle","data_quality"](String), {}(String), 1(Integer), false(Boolean), 2026-08-25 19:55:07.099(Timestamp), 2026-08-25 19:55:07.099(Timestamp)
2026-08-25T19:55:07.101+08:00 DEBUG 59426 --- [ptidss-server] [nio-9081-exec-4] c.p.d.mapper.DataLineageMapper.insert    : <==    Updates: 1
2026-08-25T19:55:07.103+08:00 DEBUG 59426 --- [ptidss-server] [nio-9081-exec-4] c.p.d.mapper.DataLineageMapper.insert    : ==>  Preparing: INSERT INTO data_lineage ( id, node_id, node_type, node_name, description, domain, layer, upstream, downstream, field_mapping, version, deleted, created_at, updated_at ) VALUES ( ?, ?, ?, ?, ?, ?, ?, ?, ?, ?, ?, ?, ?, ? )
2026-08-25T19:55:07.103+08:00 DEBUG 59426 --- [ptidss-server] [nio-9081-exec-4] c.p.d.mapper.DataLineageMapper.insert    : ==> Parameters: 217975072655282176(Long), tbl_policy(String), table(String), 政策原文库(String), 政策文档/条款/解析（policy_document/article/analysis）(String), policy(String), detail(String), ["node_ocr"](String), ["model_policy","node_etl"](String), {}(String), 1(Integer), false(Boolean), 2026-08-25 19:55:07.102(Timestamp), 2026-08-25 19:55:07.102(Timestamp)
2026-08-25T19:55:07.105+08:00 DEBUG 59426 --- [ptidss-server] [nio-9081-exec-4] c.p.d.mapper.DataLineageMapper.insert    : <==    Updates: 1
2026-08-25T19:55:07.106+08:00 DEBUG 59426 --- [ptidss-server] [nio-9081-exec-4] c.p.d.mapper.DataLineageMapper.insert    : ==>  Preparing: INSERT INTO data_lineage ( id, node_id, node_type, node_name, description, domain, layer, upstream, downstream, field_mapping, version, deleted, created_at, updated_at ) VALUES ( ?, ?, ?, ?, ?, ?, ?, ?, ?, ?, ?, ?, ?, ? )
2026-08-25T19:55:07.106+08:00 DEBUG 59426 --- [ptidss-server] [nio-9081-exec-4] c.p.d.mapper.DataLineageMapper.insert    : ==> Parameters: 217975072672059392(Long), tbl_intel_news(String), table(String), 情报条目库(String), 情报中心情报条目（intel_news，按 region 过滤）(String), intel(String), detail(String), ["node_collect_exchange"](String), ["biz_intel","biz_decision"](String), {}(String), 1(Integer), false(Boolean), 2026-08-25 19:55:07.106(Timestamp), 2026-08-25 19:55:07.106(Timestamp)
2026-08-25T19:55:07.108+08:00 DEBUG 59426 --- [ptidss-server] [nio-9081-exec-4] c.p.d.mapper.DataLineageMapper.insert    : <==    Updates: 1
2026-08-25T19:55:07.109+08:00 DEBUG 59426 --- [ptidss-server] [nio-9081-exec-4] c.p.d.mapper.DataLineageMapper.insert    : ==>  Preparing: INSERT INTO data_lineage ( id, node_id, node_type, node_name, description, domain, layer, upstream, downstream, field_mapping, version, deleted, created_at, updated_at ) VALUES ( ?, ?, ?, ?, ?, ?, ?, ?, ?, ?, ?, ?, ?, ? )
2026-08-25T19:55:07.110+08:00 DEBUG 59426 --- [ptidss-server] [nio-9081-exec-4] c.p.d.mapper.DataLineageMapper.insert    : ==> Parameters: 217975072684642304(Long), node_etl(String), task(String), ETL 指标加工(String), 明细→指标宽表加工（含质量监控联动）(String), common(String), indicator(String), ["tbl_detail","tbl_quote_plan","tbl_declaration","tbl_settlement","tbl_policy"](String), ["tbl_indicator"](String), {"price":"price"}(String), 1(Integer), false(Boolean), 2026-08-25 19:55:07.109(Timestamp), 2026-08-25 19:55:07.109(Timestamp)
2026-08-25T19:55:07.111+08:00 DEBUG 59426 --- [ptidss-server] [nio-9081-exec-4] c.p.d.mapper.DataLineageMapper.insert    : <==    Updates: 1
2026-08-25T19:55:07.112+08:00 DEBUG 59426 --- [ptidss-server] [nio-9081-exec-4] c.p.d.mapper.DataLineageMapper.insert    : ==>  Preparing: INSERT INTO data_lineage ( id, node_id, node_type, node_name, description, domain, layer, upstream, downstream, field_mapping, version, deleted, created_at, updated_at ) VALUES ( ?, ?, ?, ?, ?, ?, ?, ?, ?, ?, ?, ?, ?, ? )
2026-08-25T19:55:07.113+08:00 DEBUG 59426 --- [ptidss-server] [nio-9081-exec-4] c.p.d.mapper.DataLineageMapper.insert    : ==> Parameters: 217975072697225216(Long), tbl_indicator(String), table(String), 指标宽表(String), 价格/电量/结算等核心指标宽表(String), common(String), indicator(String), ["node_etl"](String), ["model_price","model_load","model_policy","model_ops","rpt_analyze","rpt_assess","biz_decision"](String), {}(String), 1(Integer), false(Boolean), 2026-08-25 19:55:07.112(Timestamp), 2026-08-25 19:55:07.112(Timestamp)
2026-08-25T19:55:07.114+08:00 DEBUG 59426 --- [ptidss-server] [nio-9081-exec-4] c.p.d.mapper.DataLineageMapper.insert    : <==    Updates: 1
2026-08-25T19:55:07.115+08:00 DEBUG 59426 --- [ptidss-server] [nio-9081-exec-4] c.p.d.mapper.DataLineageMapper.insert    : ==>  Preparing: INSERT INTO data_lineage ( id, node_id, node_type, node_name, description, domain, layer, upstream, downstream, field_mapping, version, deleted, created_at, updated_at ) VALUES ( ?, ?, ?, ?, ?, ?, ?, ?, ?, ?, ?, ?, ?, ? )
2026-08-25T19:55:07.116+08:00 DEBUG 59426 --- [ptidss-server] [nio-9081-exec-4] c.p.d.mapper.DataLineageMapper.insert    : ==> Parameters: 217975072709808128(Long), model_price(String), model(String), 价格预测模型(String), 现货/中长期价格预测（model_registry/forecast_result）(String), forecast(String), model(String), ["tbl_indicator"](String), ["biz_forecast"](String), {}(String), 1(Integer), false(Boolean), 2026-08-25 19:55:07.115(Timestamp), 2026-08-25 19:55:07.115(Timestamp)
2026-08-25T19:55:07.118+08:00 DEBUG 59426 --- [ptidss-server] [nio-9081-exec-4] c.p.d.mapper.DataLineageMapper.insert    : <==    Updates: 1
2026-08-25T19:55:07.119+08:00 DEBUG 59426 --- [ptidss-server] [nio-9081-exec-4] c.p.d.mapper.DataLineageMapper.insert    : ==>  Preparing: INSERT INTO data_lineage ( id, node_id, node_type, node_name, description, domain, layer, upstream, downstream, field_mapping, version, deleted, created_at, updated_at ) VALUES ( ?, ?, ?, ?, ?, ?, ?, ?, ?, ?, ?, ?, ?, ? )
2026-08-25T19:55:07.120+08:00 DEBUG 59426 --- [ptidss-server] [nio-9081-exec-4] c.p.d.mapper.DataLineageMapper.insert    : ==> Parameters: 217975072722391040(Long), model_load(String), model(String), 负荷预测模型(String), 负荷/电量预测（model_registry/forecast_result）(String), forecast(String), model(String), ["tbl_indicator"](String), ["biz_forecast"](String), {}(String), 1(Integer), false(Boolean), 2026-08-25 19:55:07.118(Timestamp), 2026-08-25 19:55:07.118(Timestamp)
2026-08-25T19:55:07.121+08:00 DEBUG 59426 --- [ptidss-server] [nio-9081-exec-4] c.p.d.mapper.DataLineageMapper.insert    : <==    Updates: 1
2026-08-25T19:55:07.123+08:00 DEBUG 59426 --- [ptidss-server] [nio-9081-exec-4] c.p.d.mapper.DataLineageMapper.insert    : ==>  Preparing: INSERT INTO data_lineage ( id, node_id, node_type, node_name, description, domain, layer, upstream, downstream, field_mapping, version, deleted, created_at, updated_at ) VALUES ( ?, ?, ?, ?, ?, ?, ?, ?, ?, ?, ?, ?, ?, ? )
2026-08-25T19:55:07.123+08:00 DEBUG 59426 --- [ptidss-server] [nio-9081-exec-4] c.p.d.mapper.DataLineageMapper.insert    : ==> Parameters: 217975072739168256(Long), model_policy(String), model(String), 政策解析模型(String), 政策条款智能解析/标签化（policy_analysis）(String), policy(String), model(String), ["tbl_policy","tbl_indicator"](String), ["biz_policy"](String), {}(String), 1(Integer), false(Boolean), 2026-08-25 19:55:07.122(Timestamp), 2026-08-25 19:55:07.122(Timestamp)
2026-08-25T19:55:07.124+08:00 DEBUG 59426 --- [ptidss-server] [nio-9081-exec-4] c.p.d.mapper.DataLineageMapper.insert    : <==    Updates: 1
2026-08-25T19:55:07.125+08:00 DEBUG 59426 --- [ptidss-server] [nio-9081-exec-4] c.p.d.mapper.DataLineageMapper.insert    : ==>  Preparing: INSERT INTO data_lineage ( id, node_id, node_type, node_name, description, domain, layer, upstream, downstream, field_mapping, version, deleted, created_at, updated_at ) VALUES ( ?, ?, ?, ?, ?, ?, ?, ?, ?, ?, ?, ?, ?, ? )
2026-08-25T19:55:07.126+08:00 DEBUG 59426 --- [ptidss-server] [nio-9081-exec-4] c.p.d.mapper.DataLineageMapper.insert    : ==> Parameters: 217975072751751168(Long), model_ops(String), model(String), 模型训练与智能体(String), 训练任务/模型注册/智能体运行（training_task/model_registry/agent_registry/agent_run）(String), model(String), model(String), ["tbl_indicator"](String), ["biz_forecast","biz_decision"](String), {}(String), 1(Integer), false(Boolean), 2026-08-25 19:55:07.125(Timestamp), 2026-08-25 19:55:07.125(Timestamp)
2026-08-25T19:55:07.127+08:00 DEBUG 59426 --- [ptidss-server] [nio-9081-exec-4] c.p.d.mapper.DataLineageMapper.insert    : <==    Updates: 1
2026-08-25T19:55:07.128+08:00 DEBUG 59426 --- [ptidss-server] [nio-9081-exec-4] c.p.d.mapper.DataLineageMapper.insert    : ==>  Preparing: INSERT INTO data_lineage ( id, node_id, node_type, node_name, description, domain, layer, upstream, downstream, field_mapping, version, deleted, created_at, updated_at ) VALUES ( ?, ?, ?, ?, ?, ?, ?, ?, ?, ?, ?, ?, ?, ? )
2026-08-25T19:55:07.129+08:00 DEBUG 59426 --- [ptidss-server] [nio-9081-exec-4] c.p.d.mapper.DataLineageMapper.insert    : ==> Parameters: 217975072764334080(Long), rpt_analyze(String), report(String), 经营分析报表(String), 多维经营分析报告（report_template/report_instance）(String), report(String), report(String), ["tbl_indicator"](String), ["biz_report"](String), {}(String), 1(Integer), false(Boolean), 2026-08-25 19:55:07.128(Timestamp), 2026-08-25 19:55:07.128(Timestamp)
2026-08-25T19:55:07.130+08:00 DEBUG 59426 --- [ptidss-server] [nio-9081-exec-4] c.p.d.mapper.DataLineageMapper.insert    : <==    Updates: 1
2026-08-25T19:55:07.131+08:00 DEBUG 59426 --- [ptidss-server] [nio-9081-exec-4] c.p.d.mapper.DataLineageMapper.insert    : ==>  Preparing: INSERT INTO data_lineage ( id, node_id, node_type, node_name, description, domain, layer, upstream, downstream, field_mapping, version, deleted, created_at, updated_at ) VALUES ( ?, ?, ?, ?, ?, ?, ?, ?, ?, ?, ?, ?, ?, ? )
2026-08-25T19:55:07.132+08:00 DEBUG 59426 --- [ptidss-server] [nio-9081-exec-4] c.p.d.mapper.DataLineageMapper.insert    : ==> Parameters: 217975072776916992(Long), rpt_settle(String), report(String), 结算核对报表(String), 结算核对/复盘报告（settlement_reconcile）(String), settle(String), report(String), ["tbl_settlement"](String), ["biz_report","biz_settle"](String), {}(String), 1(Integer), false(Boolean), 2026-08-25 19:55:07.131(Timestamp), 2026-08-25 19:55:07.131(Timestamp)
2026-08-25T19:55:07.133+08:00 DEBUG 59426 --- [ptidss-server] [nio-9081-exec-4] c.p.d.mapper.DataLineageMapper.insert    : <==    Updates: 1
2026-08-25T19:55:07.135+08:00 DEBUG 59426 --- [ptidss-server] [nio-9081-exec-4] c.p.d.mapper.DataLineageMapper.insert    : ==>  Preparing: INSERT INTO data_lineage ( id, node_id, node_type, node_name, description, domain, layer, upstream, downstream, field_mapping, version, deleted, created_at, updated_at ) VALUES ( ?, ?, ?, ?, ?, ?, ?, ?, ?, ?, ?, ?, ?, ? )
2026-08-25T19:55:07.135+08:00 DEBUG 59426 --- [ptidss-server] [nio-9081-exec-4] c.p.d.mapper.DataLineageMapper.insert    : ==> Parameters: 217975072789499904(Long), rpt_assess(String), report(String), 评估考核报告(String), 指标评估/考核报告（assess_indicator/assess_result/review_report）(String), assess(String), report(String), ["tbl_indicator","tbl_settlement"](String), ["biz_report","biz_assess"](String), {}(String), 1(Integer), false(Boolean), 2026-08-25 19:55:07.134(Timestamp), 2026-08-25 19:55:07.134(Timestamp)
2026-08-25T19:55:07.137+08:00 DEBUG 59426 --- [ptidss-server] [nio-9081-exec-4] c.p.d.mapper.DataLineageMapper.insert    : <==    Updates: 1
2026-08-25T19:55:07.138+08:00 DEBUG 59426 --- [ptidss-server] [nio-9081-exec-4] c.p.d.mapper.DataLineageMapper.insert    : ==>  Preparing: INSERT INTO data_lineage ( id, node_id, node_type, node_name, description, domain, layer, upstream, downstream, field_mapping, version, deleted, created_at, updated_at ) VALUES ( ?, ?, ?, ?, ?, ?, ?, ?, ?, ?, ?, ?, ?, ? )
2026-08-25T19:55:07.138+08:00 DEBUG 59426 --- [ptidss-server] [nio-9081-exec-4] c.p.d.mapper.DataLineageMapper.insert    : ==> Parameters: 217975072802082816(Long), biz_intel(String), business(String), 情报中心(String), 情报流/推送规则/消息派发（intel_push_rule/message_record）(String), intel(String), business(String), ["tbl_intel_news","sys_msg"](String), ["biz_decision"](String), {}(String), 1(Integer), false(Boolean), 2026-08-25 19:55:07.137(Timestamp), 2026-08-25 19:55:07.137(Timestamp)
2026-08-25T19:55:07.139+08:00 DEBUG 59426 --- [ptidss-server] [nio-9081-exec-4] c.p.d.mapper.DataLineageMapper.insert    : <==    Updates: 1
2026-08-25T19:55:07.140+08:00 DEBUG 59426 --- [ptidss-server] [nio-9081-exec-4] c.p.d.mapper.DataLineageMapper.insert    : ==>  Preparing: INSERT INTO data_lineage ( id, node_id, node_type, node_name, description, domain, layer, upstream, downstream, field_mapping, version, deleted, created_at, updated_at ) VALUES ( ?, ?, ?, ?, ?, ?, ?, ?, ?, ?, ?, ?, ?, ? )
2026-08-25T19:55:07.141+08:00 DEBUG 59426 --- [ptidss-server] [nio-9081-exec-4] c.p.d.mapper.DataLineageMapper.insert    : ==> Parameters: 217975072814665728(Long), biz_decision(String), business(String), 决策中心(String), 决策会话/复盘/偏差/策略反馈（decision_session/review_report/deviation_record/strategy_feedback/rule_config）(String), decision(String), business(String), ["tbl_indicator","tbl_intel_news","biz_intel","biz_forecast","model_ops","sys_msg","sys_flow"](String), ["biz_optimize","biz_trade"](String), {}(String), 1(Integer), false(Boolean), 2026-08-25 19:55:07.14(Timestamp), 2026-08-25 19:55:07.14(Timestamp)
2026-08-25T19:55:07.142+08:00 DEBUG 59426 --- [ptidss-server] [nio-9081-exec-4] c.p.d.mapper.DataLineageMapper.insert    : <==    Updates: 1
2026-08-25T19:55:07.143+08:00 DEBUG 59426 --- [ptidss-server] [nio-9081-exec-4] c.p.d.mapper.DataLineageMapper.insert    : ==>  Preparing: INSERT INTO data_lineage ( id, node_id, node_type, node_name, description, domain, layer, upstream, downstream, field_mapping, version, deleted, created_at, updated_at ) VALUES ( ?, ?, ?, ?, ?, ?, ?, ?, ?, ?, ?, ?, ?, ? )
2026-08-25T19:55:07.144+08:00 DEBUG 59426 --- [ptidss-server] [nio-9081-exec-4] c.p.d.mapper.DataLineageMapper.insert    : ==> Parameters: 217975072827248640(Long), biz_trade(String), business(String), 交易申报(String), 报价/申报/成交/出清管理（quote_plan/declaration/trade_result/clearing_result）(String), trade(String), business(String), ["tbl_quote_plan","tbl_declaration","biz_decision","sys_flow"](String), ["biz_settle"](String), {}(String), 1(Integer), false(Boolean), 2026-08-25 19:55:07.143(Timestamp), 2026-08-25 19:55:07.143(Timestamp)
2026-08-25T19:55:07.145+08:00 DEBUG 59426 --- [ptidss-server] [nio-9081-exec-4] c.p.d.mapper.DataLineageMapper.insert    : <==    Updates: 1
2026-08-25T19:55:07.146+08:00 DEBUG 59426 --- [ptidss-server] [nio-9081-exec-4] c.p.d.mapper.DataLineageMapper.insert    : ==>  Preparing: INSERT INTO data_lineage ( id, node_id, node_type, node_name, description, domain, layer, upstream, downstream, field_mapping, version, deleted, created_at, updated_at ) VALUES ( ?, ?, ?, ?, ?, ?, ?, ?, ?, ?, ?, ?, ?, ? )
2026-08-25T19:55:07.147+08:00 DEBUG 59426 --- [ptidss-server] [nio-9081-exec-4] c.p.d.mapper.DataLineageMapper.insert    : ==> Parameters: 217975072839831552(Long), biz_settle(String), business(String), 结算中心(String), 结算记录/核对/凭证/台账（settlement_*）(String), settle(String), business(String), ["tbl_settlement","rpt_settle","biz_trade","sys_flow"](String), [](String), {}(String), 1(Integer), false(Boolean), 2026-08-25 19:55:07.146(Timestamp), 2026-08-25 19:55:07.146(Timestamp)
2026-08-25T19:55:07.148+08:00 DEBUG 59426 --- [ptidss-server] [nio-9081-exec-4] c.p.d.mapper.DataLineageMapper.insert    : <==    Updates: 1
2026-08-25T19:55:07.149+08:00 DEBUG 59426 --- [ptidss-server] [nio-9081-exec-4] c.p.d.mapper.DataLineageMapper.insert    : ==>  Preparing: INSERT INTO data_lineage ( id, node_id, node_type, node_name, description, domain, layer, upstream, downstream, field_mapping, version, deleted, created_at, updated_at ) VALUES ( ?, ?, ?, ?, ?, ?, ?, ?, ?, ?, ?, ?, ?, ? )
2026-08-25T19:55:07.150+08:00 DEBUG 59426 --- [ptidss-server] [nio-9081-exec-4] c.p.d.mapper.DataLineageMapper.insert    : ==> Parameters: 217975072852414464(Long), biz_policy(String), business(String), 政策中心(String), 政策文档/条款/解析管理（policy_document/article/analysis）(String), policy(String), business(String), ["model_policy","tbl_policy"](String), [](String), {}(String), 1(Integer), false(Boolean), 2026-08-25 19:55:07.149(Timestamp), 2026-08-25 19:55:07.149(Timestamp)
2026-08-25T19:55:07.151+08:00 DEBUG 59426 --- [ptidss-server] [nio-9081-exec-4] c.p.d.mapper.DataLineageMapper.insert    : <==    Updates: 1
2026-08-25T19:55:07.153+08:00 DEBUG 59426 --- [ptidss-server] [nio-9081-exec-4] c.p.d.mapper.DataLineageMapper.insert    : ==>  Preparing: INSERT INTO data_lineage ( id, node_id, node_type, node_name, description, domain, layer, upstream, downstream, field_mapping, version, deleted, created_at, updated_at ) VALUES ( ?, ?, ?, ?, ?, ?, ?, ?, ?, ?, ?, ?, ?, ? )
2026-08-25T19:55:07.153+08:00 DEBUG 59426 --- [ptidss-server] [nio-9081-exec-4] c.p.d.mapper.DataLineageMapper.insert    : ==> Parameters: 217975072864997376(Long), biz_forecast(String), business(String), 预测中心(String), 预测任务/结果（forecast_task/forecast_result）(String), forecast(String), business(String), ["model_price","model_load","model_ops"](String), ["biz_decision"](String), {}(String), 1(Integer), false(Boolean), 2026-08-25 19:55:07.152(Timestamp), 2026-08-25 19:55:07.152(Timestamp)
2026-08-25T19:55:07.155+08:00 DEBUG 59426 --- [ptidss-server] [nio-9081-exec-4] c.p.d.mapper.DataLineageMapper.insert    : <==    Updates: 1
2026-08-25T19:55:07.156+08:00 DEBUG 59426 --- [ptidss-server] [nio-9081-exec-4] c.p.d.mapper.DataLineageMapper.insert    : ==>  Preparing: INSERT INTO data_lineage ( id, node_id, node_type, node_name, description, domain, layer, upstream, downstream, field_mapping, version, deleted, created_at, updated_at ) VALUES ( ?, ?, ?, ?, ?, ?, ?, ?, ?, ?, ?, ?, ?, ? )
2026-08-25T19:55:07.156+08:00 DEBUG 59426 --- [ptidss-server] [nio-9081-exec-4] c.p.d.mapper.DataLineageMapper.insert    : ==> Parameters: 217975072881774592(Long), biz_optimize(String), business(String), 协同优化(String), 联合优化任务/策略库/回测（joint_optim_task/strategy_library/backtest_run）(String), optimize(String), business(String), ["biz_decision"](String), [](String), {}(String), 1(Integer), false(Boolean), 2026-08-25 19:55:07.156(Timestamp), 2026-08-25 19:55:07.156(Timestamp)
2026-08-25T19:55:07.158+08:00 DEBUG 59426 --- [ptidss-server] [nio-9081-exec-4] c.p.d.mapper.DataLineageMapper.insert    : <==    Updates: 1
2026-08-25T19:55:07.159+08:00 DEBUG 59426 --- [ptidss-server] [nio-9081-exec-4] c.p.d.mapper.DataLineageMapper.insert    : ==>  Preparing: INSERT INTO data_lineage ( id, node_id, node_type, node_name, description, domain, layer, upstream, downstream, field_mapping, version, deleted, created_at, updated_at ) VALUES ( ?, ?, ?, ?, ?, ?, ?, ?, ?, ?, ?, ?, ?, ? )
2026-08-25T19:55:07.159+08:00 DEBUG 59426 --- [ptidss-server] [nio-9081-exec-4] c.p.d.mapper.DataLineageMapper.insert    : ==> Parameters: 217975072894357504(Long), biz_report(String), business(String), 报表中心(String), 报表模板/实例管理（report_template/report_instance）(String), report(String), business(String), ["rpt_analyze","rpt_settle","rpt_assess"](String), [](String), {}(String), 1(Integer), false(Boolean), 2026-08-25 19:55:07.159(Timestamp), 2026-08-25 19:55:07.159(Timestamp)
2026-08-25T19:55:07.161+08:00 DEBUG 59426 --- [ptidss-server] [nio-9081-exec-4] c.p.d.mapper.DataLineageMapper.insert    : <==    Updates: 1
2026-08-25T19:55:07.162+08:00 DEBUG 59426 --- [ptidss-server] [nio-9081-exec-4] c.p.d.mapper.DataLineageMapper.insert    : ==>  Preparing: INSERT INTO data_lineage ( id, node_id, node_type, node_name, description, domain, layer, upstream, downstream, field_mapping, version, deleted, created_at, updated_at ) VALUES ( ?, ?, ?, ?, ?, ?, ?, ?, ?, ?, ?, ?, ?, ? )
2026-08-25T19:55:07.162+08:00 DEBUG 59426 --- [ptidss-server] [nio-9081-exec-4] c.p.d.mapper.DataLineageMapper.insert    : ==> Parameters: 217975072906940416(Long), biz_assess(String), business(String), 评估考核(String), 指标评估/申诉（assess_indicator/assess_result/assess_appeal）(String), assess(String), business(String), ["rpt_assess","tbl_settlement"](String), [](String), {}(String), 1(Integer), false(Boolean), 2026-08-25 19:55:07.162(Timestamp), 2026-08-25 19:55:07.162(Timestamp)
2026-08-25T19:55:07.164+08:00 DEBUG 59426 --- [ptidss-server] [nio-9081-exec-4] c.p.d.mapper.DataLineageMapper.insert    : <==    Updates: 1
2026-08-25T19:55:07.165+08:00 DEBUG 59426 --- [ptidss-server] [nio-9081-exec-4] c.p.d.mapper.DataLineageMapper.insert    : ==>  Preparing: INSERT INTO data_lineage ( id, node_id, node_type, node_name, description, domain, layer, upstream, downstream, field_mapping, version, deleted, created_at, updated_at ) VALUES ( ?, ?, ?, ?, ?, ?, ?, ?, ?, ?, ?, ?, ?, ? )
2026-08-25T19:55:07.165+08:00 DEBUG 59426 --- [ptidss-server] [nio-9081-exec-4] c.p.d.mapper.DataLineageMapper.insert    : ==> Parameters: 217975072919523328(Long), sys_auth(String), business(String), 用户权限体系(String), 用户/角色/权限/区域授权（sys_user/role/permission/user_region/role_region），RLS 行级隔离，支撑全部业务(String), system(String), business(String), [](String), ["biz_intel","biz_decision","biz_trade","biz_settle","biz_policy","biz_forecast","biz_optimize","biz_report","biz_assess"](String), {}(String), 1(Integer), false(Boolean), 2026-08-25 19:55:07.165(Timestamp), 2026-08-25 19:55:07.165(Timestamp)
2026-08-25T19:55:07.167+08:00 DEBUG 59426 --- [ptidss-server] [nio-9081-exec-4] c.p.d.mapper.DataLineageMapper.insert    : <==    Updates: 1
2026-08-25T19:55:07.168+08:00 DEBUG 59426 --- [ptidss-server] [nio-9081-exec-4] c.p.d.mapper.DataLineageMapper.insert    : ==>  Preparing: INSERT INTO data_lineage ( id, node_id, node_type, node_name, description, domain, layer, upstream, downstream, field_mapping, version, deleted, created_at, updated_at ) VALUES ( ?, ?, ?, ?, ?, ?, ?, ?, ?, ?, ?, ?, ?, ? )
2026-08-25T19:55:07.168+08:00 DEBUG 59426 --- [ptidss-server] [nio-9081-exec-4] c.p.d.mapper.DataLineageMapper.insert    : ==> Parameters: 217975072927911936(Long), sys_audit(String), business(String), 审计日志(String), 操作审计（audit_log，按月分区），@Log AOP 留痕，横切支撑全部业务(String), system(String), business(String), [](String), [](String), {}(String), 1(Integer), false(Boolean), 2026-08-25 19:55:07.167(Timestamp), 2026-08-25 19:55:07.167(Timestamp)
2026-08-25T19:55:07.170+08:00 DEBUG 59426 --- [ptidss-server] [nio-9081-exec-4] c.p.d.mapper.DataLineageMapper.insert    : <==    Updates: 1
2026-08-25T19:55:07.171+08:00 DEBUG 59426 --- [ptidss-server] [nio-9081-exec-4] c.p.d.mapper.DataLineageMapper.insert    : ==>  Preparing: INSERT INTO data_lineage ( id, node_id, node_type, node_name, description, domain, layer, upstream, downstream, field_mapping, version, deleted, created_at, updated_at ) VALUES ( ?, ?, ?, ?, ?, ?, ?, ?, ?, ?, ?, ?, ?, ? )
2026-08-25T19:55:07.171+08:00 DEBUG 59426 --- [ptidss-server] [nio-9081-exec-4] c.p.d.mapper.DataLineageMapper.insert    : ==> Parameters: 217975072940494848(Long), sys_msg(String), business(String), 消息中心(String), 站内消息/推送（message_record），情报推送/通知(String), system(String), business(String), [](String), ["biz_intel","biz_decision"](String), {}(String), 1(Integer), false(Boolean), 2026-08-25 19:55:07.17(Timestamp), 2026-08-25 19:55:07.17(Timestamp)
2026-08-25T19:55:07.173+08:00 DEBUG 59426 --- [ptidss-server] [nio-9081-exec-4] c.p.d.mapper.DataLineageMapper.insert    : <==    Updates: 1
2026-08-25T19:55:07.173+08:00 DEBUG 59426 --- [ptidss-server] [nio-9081-exec-4] c.p.d.mapper.DataLineageMapper.insert    : ==>  Preparing: INSERT INTO data_lineage ( id, node_id, node_type, node_name, description, domain, layer, upstream, downstream, field_mapping, version, deleted, created_at, updated_at ) VALUES ( ?, ?, ?, ?, ?, ?, ?, ?, ?, ?, ?, ?, ?, ? )
2026-08-25T19:55:07.174+08:00 DEBUG 59426 --- [ptidss-server] [nio-9081-exec-4] c.p.d.mapper.DataLineageMapper.insert    : ==> Parameters: 217975072953077760(Long), sys_flow(String), business(String), 审批流(String), 流程实例（flow_instance），申报/结算/决策审批(String), system(String), business(String), [](String), ["biz_trade","biz_settle","biz_decision"](String), {}(String), 1(Integer), false(Boolean), 2026-08-25 19:55:07.173(Timestamp), 2026-08-25 19:55:07.173(Timestamp)
2026-08-25T19:55:07.175+08:00 DEBUG 59426 --- [ptidss-server] [nio-9081-exec-4] c.p.d.mapper.DataLineageMapper.insert    : <==    Updates: 1
2026-08-25T19:55:07.176+08:00 DEBUG 59426 --- [ptidss-server] [nio-9081-exec-4] c.p.d.mapper.DataLineageMapper.insert    : ==>  Preparing: INSERT INTO data_lineage ( id, node_id, node_type, node_name, description, domain, layer, upstream, downstream, field_mapping, version, deleted, created_at, updated_at ) VALUES ( ?, ?, ?, ?, ?, ?, ?, ?, ?, ?, ?, ?, ?, ? )
2026-08-25T19:55:07.177+08:00 DEBUG 59426 --- [ptidss-server] [nio-9081-exec-4] c.p.d.mapper.DataLineageMapper.insert    : ==> Parameters: 217975072965660672(Long), data_quality(String), business(String), 数据质量(String), 质量规则/报告（data_quality_rule/data_quality_report），监控明细与指标(String), system(String), business(String), ["tbl_detail","tbl_settlement"](String), ["node_etl","tbl_indicator"](String), {}(String), 1(Integer), false(Boolean), 2026-08-25 19:55:07.176(Timestamp), 2026-08-25 19:55:07.176(Timestamp)
2026-08-25T19:55:07.178+08:00 DEBUG 59426 --- [ptidss-server] [nio-9081-exec-4] c.p.d.mapper.DataLineageMapper.insert    : <==    Updates: 1
2026-08-25T19:55:07.178+08:00  INFO 59426 --- [ptidss-server] [nio-9081-exec-4] com.ptidss.data.service.DataService      : 血缘全景全量图谱种子已就绪：36 节点（中文名/说明/业务域/分层）
2026-08-25T19:55:07.181+08:00 DEBUG 59426 --- [ptidss-server] [nio-9081-exec-4] c.p.d.m.DataLineageMapper.selectList     : ==>  Preparing: SELECT id,node_id,node_type,node_name,description,domain,layer,upstream,downstream,field_mapping,version,deleted,created_at,updated_at FROM data_lineage WHERE deleted=false ORDER BY layer ASC,domain ASC,node_id ASC
2026-08-25T19:55:07.181+08:00 DEBUG 59426 --- [ptidss-server] [nio-9081-exec-4] c.p.d.m.DataLineageMapper.selectList     : ==> Parameters: 
2026-08-25T19:55:07.184+08:00 DEBUG 59426 --- [ptidss-server] [nio-9081-exec-4] c.p.d.m.DataLineageMapper.selectList     : <==      Total: 36
2026-08-25T19:55:11.119+08:00 DEBUG 59426 --- [ptidss-server] [   scheduling-1] c.p.d.m.CollectTaskMapper.selectList     : ==>  Preparing: SELECT id,source_id,task_type,cron_expr,last_run_time,last_status,records_count,error_log,version,deleted,created_at,updated_at FROM collect_task WHERE deleted=false AND (cron_expr IS NOT NULL)
2026-08-25T19:55:11.120+08:00 DEBUG 59426 --- [ptidss-server] [   scheduling-1] c.p.d.m.CollectTaskMapper.selectList     : ==> Parameters: 
2026-08-25T19:55:11.122+08:00 DEBUG 59426 --- [ptidss-server] [   scheduling-1] c.p.d.m.CollectTaskMapper.selectList     : <==      Total: 3
2026-08-25T19:55:16.759+08:00  INFO 59426 --- [ptidss-server] [ionShutdownHook] o.s.b.w.e.tomcat.GracefulShutdown        : Commencing graceful shutdown. Waiting for active requests to complete
2026-08-25T19:55:16.761+08:00  INFO 59426 --- [ptidss-server] [tomcat-shutdown] o.s.b.w.e.tomcat.GracefulShutdown        : Graceful shutdown complete
2026-08-25T19:55:16.774+08:00  INFO 59426 --- [ptidss-server] [ionShutdownHook] com.zaxxer.hikari.HikariDataSource       : HikariPool-1 - Shutdown initiated...
2026-08-25T19:55:16.776+08:00  INFO 59426 --- [ptidss-server] [ionShutdownHook] com.zaxxer.hikari.HikariDataSource       : HikariPool-1 - Shutdown completed.
